Archive member included to satisfy reference by file (symbol)

c:/program files (x86)/atmel/studio/7.0/toolchain/avr8/avr8-gnu-toolchain/bin/../lib/gcc/avr/5.4.0/../../../../avr/lib/avr5\libm.a(addsf3.o)
                              Driver/Battery/Battery.o (__subsf3)
c:/program files (x86)/atmel/studio/7.0/toolchain/avr8/avr8-gnu-toolchain/bin/../lib/gcc/avr/5.4.0/../../../../avr/lib/avr5\libm.a(addsf3x.o)
                              c:/program files (x86)/atmel/studio/7.0/toolchain/avr8/avr8-gnu-toolchain/bin/../lib/gcc/avr/5.4.0/../../../../avr/lib/avr5\libm.a(addsf3.o) (__addsf3x)
c:/program files (x86)/atmel/studio/7.0/toolchain/avr8/avr8-gnu-toolchain/bin/../lib/gcc/avr/5.4.0/../../../../avr/lib/avr5\libm.a(cmpsf2.o)
                              App/Machine/Machine.o (__ltsf2)
c:/program files (x86)/atmel/studio/7.0/toolchain/avr8/avr8-gnu-toolchain/bin/../lib/gcc/avr/5.4.0/../../../../avr/lib/avr5\libm.a(divsf3.o)
                              Driver/Battery/Battery.o (__divsf3)
c:/program files (x86)/atmel/studio/7.0/toolchain/avr8/avr8-gnu-toolchain/bin/../lib/gcc/avr/5.4.0/../../../../avr/lib/avr5\libm.a(divsf3x.o)
                              c:/program files (x86)/atmel/studio/7.0/toolchain/avr8/avr8-gnu-toolchain/bin/../lib/gcc/avr/5.4.0/../../../../avr/lib/avr5\libm.a(divsf3.o) (__divsf3x)
c:/program files (x86)/atmel/studio/7.0/toolchain/avr8/avr8-gnu-toolchain/bin/../lib/gcc/avr/5.4.0/../../../../avr/lib/avr5\libm.a(fixunssfsi.o)
                              Driver/Battery/Battery.o (__fixunssfsi)
c:/program files (x86)/atmel/studio/7.0/toolchain/avr8/avr8-gnu-toolchain/bin/../lib/gcc/avr/5.4.0/../../../../avr/lib/avr5\libm.a(floatsisf.o)
                              Driver/Battery/Battery.o (__floatunsisf)
c:/program files (x86)/atmel/studio/7.0/toolchain/avr8/avr8-gnu-toolchain/bin/../lib/gcc/avr/5.4.0/../../../../avr/lib/avr5\libm.a(fp_cmp.o)
                              c:/program files (x86)/atmel/studio/7.0/toolchain/avr8/avr8-gnu-toolchain/bin/../lib/gcc/avr/5.4.0/../../../../avr/lib/avr5\libm.a(cmpsf2.o) (__fp_cmp)
c:/program files (x86)/atmel/studio/7.0/toolchain/avr8/avr8-gnu-toolchain/bin/../lib/gcc/avr/5.4.0/../../../../avr/lib/avr5\libm.a(fp_inf.o)
                              c:/program files (x86)/atmel/studio/7.0/toolchain/avr8/avr8-gnu-toolchain/bin/../lib/gcc/avr/5.4.0/../../../../avr/lib/avr5\libm.a(addsf3x.o) (__fp_inf)
c:/program files (x86)/atmel/studio/7.0/toolchain/avr8/avr8-gnu-toolchain/bin/../lib/gcc/avr/5.4.0/../../../../avr/lib/avr5\libm.a(fp_nan.o)
                              c:/program files (x86)/atmel/studio/7.0/toolchain/avr8/avr8-gnu-toolchain/bin/../lib/gcc/avr/5.4.0/../../../../avr/lib/avr5\libm.a(addsf3x.o) (__fp_nan)
c:/program files (x86)/atmel/studio/7.0/toolchain/avr8/avr8-gnu-toolchain/bin/../lib/gcc/avr/5.4.0/../../../../avr/lib/avr5\libm.a(fp_pscA.o)
                              c:/program files (x86)/atmel/studio/7.0/toolchain/avr8/avr8-gnu-toolchain/bin/../lib/gcc/avr/5.4.0/../../../../avr/lib/avr5\libm.a(addsf3x.o) (__fp_pscA)
c:/program files (x86)/atmel/studio/7.0/toolchain/avr8/avr8-gnu-toolchain/bin/../lib/gcc/avr/5.4.0/../../../../avr/lib/avr5\libm.a(fp_pscB.o)
                              c:/program files (x86)/atmel/studio/7.0/toolchain/avr8/avr8-gnu-toolchain/bin/../lib/gcc/avr/5.4.0/../../../../avr/lib/avr5\libm.a(addsf3x.o) (__fp_pscB)
c:/program files (x86)/atmel/studio/7.0/toolchain/avr8/avr8-gnu-toolchain/bin/../lib/gcc/avr/5.4.0/../../../../avr/lib/avr5\libm.a(fp_round.o)
                              c:/program files (x86)/atmel/studio/7.0/toolchain/avr8/avr8-gnu-toolchain/bin/../lib/gcc/avr/5.4.0/../../../../avr/lib/avr5\libm.a(addsf3.o) (__fp_round)
c:/program files (x86)/atmel/studio/7.0/toolchain/avr8/avr8-gnu-toolchain/bin/../lib/gcc/avr/5.4.0/../../../../avr/lib/avr5\libm.a(fp_split3.o)
                              c:/program files (x86)/atmel/studio/7.0/toolchain/avr8/avr8-gnu-toolchain/bin/../lib/gcc/avr/5.4.0/../../../../avr/lib/avr5\libm.a(addsf3x.o) (__fp_split3)
c:/program files (x86)/atmel/studio/7.0/toolchain/avr8/avr8-gnu-toolchain/bin/../lib/gcc/avr/5.4.0/../../../../avr/lib/avr5\libm.a(fp_zero.o)
                              c:/program files (x86)/atmel/studio/7.0/toolchain/avr8/avr8-gnu-toolchain/bin/../lib/gcc/avr/5.4.0/../../../../avr/lib/avr5\libm.a(addsf3x.o) (__fp_zero)
c:/program files (x86)/atmel/studio/7.0/toolchain/avr8/avr8-gnu-toolchain/bin/../lib/gcc/avr/5.4.0/../../../../avr/lib/avr5\libm.a(gesf2.o)
                              App/Machine/Machine.o (__gtsf2)
c:/program files (x86)/atmel/studio/7.0/toolchain/avr8/avr8-gnu-toolchain/bin/../lib/gcc/avr/5.4.0/../../../../avr/lib/avr5\libm.a(mulsf3.o)
                              Driver/Battery/Battery.o (__mulsf3)
c:/program files (x86)/atmel/studio/7.0/toolchain/avr8/avr8-gnu-toolchain/bin/../lib/gcc/avr/5.4.0/../../../../avr/lib/avr5\libm.a(mulsf3x.o)
                              c:/program files (x86)/atmel/studio/7.0/toolchain/avr8/avr8-gnu-toolchain/bin/../lib/gcc/avr/5.4.0/../../../../avr/lib/avr5\libm.a(mulsf3.o) (__mulsf3x)
c:/program files (x86)/atmel/studio/7.0/toolchain/avr8/avr8-gnu-toolchain/bin/../lib/gcc/avr/5.4.0/../../../../avr/lib/avr5\libm.a(round.o)
                              Driver/Battery/Battery.o (round)
c:/program files (x86)/atmel/studio/7.0/toolchain/avr8/avr8-gnu-toolchain/bin/../lib/gcc/avr/5.4.0/../../../../avr/lib/avr5\libm.a(fp_mintl.o)
                              c:/program files (x86)/atmel/studio/7.0/toolchain/avr8/avr8-gnu-toolchain/bin/../lib/gcc/avr/5.4.0/../../../../avr/lib/avr5\libm.a(round.o) (__fp_mintl)
c:/program files (x86)/atmel/studio/7.0/toolchain/avr8/avr8-gnu-toolchain/bin/../lib/gcc/avr/5.4.0/../../../../avr/lib/avr5\libm.a(fp_mpack.o)
                              c:/program files (x86)/atmel/studio/7.0/toolchain/avr8/avr8-gnu-toolchain/bin/../lib/gcc/avr/5.4.0/../../../../avr/lib/avr5\libm.a(round.o) (__fp_mpack)
c:/program files (x86)/atmel/studio/7.0/toolchain/avr8/avr8-gnu-toolchain/bin/../lib/gcc/avr/5.4.0/avr5\libgcc.a(_mulsi3.o)
                              App/Fight/Fight.o (__mulsi3)
c:/program files (x86)/atmel/studio/7.0/toolchain/avr8/avr8-gnu-toolchain/bin/../lib/gcc/avr/5.4.0/avr5\libgcc.a(_divmodsi4.o)
                              App/Fight/Fight.o (__divmodsi4)
c:/program files (x86)/atmel/studio/7.0/toolchain/avr8/avr8-gnu-toolchain/bin/../lib/gcc/avr/5.4.0/avr5\libgcc.a(_negsi2.o)
                              c:/program files (x86)/atmel/studio/7.0/toolchain/avr8/avr8-gnu-toolchain/bin/../lib/gcc/avr/5.4.0/avr5\libgcc.a(_divmodsi4.o) (__negsi2)
c:/program files (x86)/atmel/studio/7.0/toolchain/avr8/avr8-gnu-toolchain/bin/../lib/gcc/avr/5.4.0/avr5\libgcc.a(_exit.o)
                              C:/Program Files (x86)/Atmel/Studio/7.0/Packs/atmel/ATmega_DFP/1.7.374/gcc/dev/atmega32/avr5/crtatmega32.o (exit)
c:/program files (x86)/atmel/studio/7.0/toolchain/avr8/avr8-gnu-toolchain/bin/../lib/gcc/avr/5.4.0/avr5\libgcc.a(_tablejump2.o)
                              App/Machine/Machine.o (__tablejump2__)
c:/program files (x86)/atmel/studio/7.0/toolchain/avr8/avr8-gnu-toolchain/bin/../lib/gcc/avr/5.4.0/avr5\libgcc.a(_copy_data.o)
                              App/Back/Back.o (__do_copy_data)
c:/program files (x86)/atmel/studio/7.0/toolchain/avr8/avr8-gnu-toolchain/bin/../lib/gcc/avr/5.4.0/avr5\libgcc.a(_clear_bss.o)
                              App/Back/Back.o (__do_clear_bss)
c:/program files (x86)/atmel/studio/7.0/toolchain/avr8/avr8-gnu-toolchain/bin/../lib/gcc/avr/5.4.0/avr5\libgcc.a(_umulhisi3.o)
                              Driver/Battery/Battery.o (__umulhisi3)
c:/program files (x86)/atmel/studio/7.0/toolchain/avr8/avr8-gnu-toolchain/bin/../lib/gcc/avr/5.4.0/avr5\libgcc.a(_muluhisi3.o)
                              c:/program files (x86)/atmel/studio/7.0/toolchain/avr8/avr8-gnu-toolchain/bin/../lib/gcc/avr/5.4.0/avr5\libgcc.a(_mulsi3.o) (__muluhisi3)
c:/program files (x86)/atmel/studio/7.0/toolchain/avr8/avr8-gnu-toolchain/bin/../lib/gcc/avr/5.4.0/avr5\libgcc.a(_udivmodsi4.o)
                              c:/program files (x86)/atmel/studio/7.0/toolchain/avr8/avr8-gnu-toolchain/bin/../lib/gcc/avr/5.4.0/avr5\libgcc.a(_divmodsi4.o) (__udivmodsi4)
c:/program files (x86)/atmel/studio/7.0/toolchain/avr8/avr8-gnu-toolchain/bin/../lib/gcc/avr/5.4.0/../../../../avr/lib/avr5\libc.a(strcmp.o)
                              Driver/Scheduler/Scheduler.o (strcmp)
c:/program files (x86)/atmel/studio/7.0/toolchain/avr8/avr8-gnu-toolchain/bin/../lib/gcc/avr/5.4.0/../../../../avr/lib/avr5\libc.a(sprintf.o)
                              Driver/Terminal/Terminal.o (sprintf)
c:/program files (x86)/atmel/studio/7.0/toolchain/avr8/avr8-gnu-toolchain/bin/../lib/gcc/avr/5.4.0/../../../../avr/lib/avr5\libc.a(vsnprintf.o)
                              Driver/Terminal/Terminal.o (vsnprintf)
c:/program files (x86)/atmel/studio/7.0/toolchain/avr8/avr8-gnu-toolchain/bin/../lib/gcc/avr/5.4.0/../../../../avr/lib/avr5\libc.a(vfprintf_std.o)
                              c:/program files (x86)/atmel/studio/7.0/toolchain/avr8/avr8-gnu-toolchain/bin/../lib/gcc/avr/5.4.0/../../../../avr/lib/avr5\libc.a(sprintf.o) (vfprintf)
c:/program files (x86)/atmel/studio/7.0/toolchain/avr8/avr8-gnu-toolchain/bin/../lib/gcc/avr/5.4.0/../../../../avr/lib/avr5\libc.a(strnlen_P.o)
                              c:/program files (x86)/atmel/studio/7.0/toolchain/avr8/avr8-gnu-toolchain/bin/../lib/gcc/avr/5.4.0/../../../../avr/lib/avr5\libc.a(vfprintf_std.o) (strnlen_P)
c:/program files (x86)/atmel/studio/7.0/toolchain/avr8/avr8-gnu-toolchain/bin/../lib/gcc/avr/5.4.0/../../../../avr/lib/avr5\libc.a(strnlen.o)
                              c:/program files (x86)/atmel/studio/7.0/toolchain/avr8/avr8-gnu-toolchain/bin/../lib/gcc/avr/5.4.0/../../../../avr/lib/avr5\libc.a(vfprintf_std.o) (strnlen)
c:/program files (x86)/atmel/studio/7.0/toolchain/avr8/avr8-gnu-toolchain/bin/../lib/gcc/avr/5.4.0/../../../../avr/lib/avr5\libc.a(fputc.o)
                              c:/program files (x86)/atmel/studio/7.0/toolchain/avr8/avr8-gnu-toolchain/bin/../lib/gcc/avr/5.4.0/../../../../avr/lib/avr5\libc.a(vfprintf_std.o) (fputc)
c:/program files (x86)/atmel/studio/7.0/toolchain/avr8/avr8-gnu-toolchain/bin/../lib/gcc/avr/5.4.0/../../../../avr/lib/avr5\libc.a(ultoa_invert.o)
                              c:/program files (x86)/atmel/studio/7.0/toolchain/avr8/avr8-gnu-toolchain/bin/../lib/gcc/avr/5.4.0/../../../../avr/lib/avr5\libc.a(vfprintf_std.o) (__ultoa_invert)
c:/program files (x86)/atmel/studio/7.0/toolchain/avr8/avr8-gnu-toolchain/bin/../lib/gcc/avr/5.4.0/avr5\libgcc.a(_prologue.o)
                              c:/program files (x86)/atmel/studio/7.0/toolchain/avr8/avr8-gnu-toolchain/bin/../lib/gcc/avr/5.4.0/../../../../avr/lib/avr5\libc.a(sprintf.o) (__prologue_saves__)
c:/program files (x86)/atmel/studio/7.0/toolchain/avr8/avr8-gnu-toolchain/bin/../lib/gcc/avr/5.4.0/avr5\libgcc.a(_epilogue.o)
                              c:/program files (x86)/atmel/studio/7.0/toolchain/avr8/avr8-gnu-toolchain/bin/../lib/gcc/avr/5.4.0/../../../../avr/lib/avr5\libc.a(sprintf.o) (__epilogue_restores__)

Discarded input sections

 .data          0x00000000        0x0 C:/Program Files (x86)/Atmel/Studio/7.0/Packs/atmel/ATmega_DFP/1.7.374/gcc/dev/atmega32/avr5/crtatmega32.o
 .bss           0x00000000        0x0 C:/Program Files (x86)/Atmel/Studio/7.0/Packs/atmel/ATmega_DFP/1.7.374/gcc/dev/atmega32/avr5/crtatmega32.o
 .text          0x00000000        0x0 App/Back/Back.o
 .data          0x00000000        0x0 App/Back/Back.o
 .bss           0x00000000        0x0 App/Back/Back.o
 .text          0x00000000        0x0 App/Edge/Edge.o
 .data          0x00000000        0x0 App/Edge/Edge.o
 .bss           0x00000000        0x0 App/Edge/Edge.o
 .text          0x00000000        0x0 App/Fight/Fight.o
 .data          0x00000000        0x0 App/Fight/Fight.o
 .bss           0x00000000        0x0 App/Fight/Fight.o
 .text          0x00000000        0x0 App/Machine/Machine.o
 .data          0x00000000        0x0 App/Machine/Machine.o
 .bss           0x00000000        0x0 App/Machine/Machine.o
 .text          0x00000000        0x0 App/Tactic/Tactic.o
 .data          0x00000000        0x0 App/Tactic/Tactic.o
 .bss           0x00000000        0x0 App/Tactic/Tactic.o
 .text          0x00000000        0x0 Driver/Battery/Battery.o
 .data          0x00000000        0x0 Driver/Battery/Battery.o
 .bss           0x00000000        0x0 Driver/Battery/Battery.o
 .text          0x00000000        0x0 Driver/Button/Button.o
 .data          0x00000000        0x0 Driver/Button/Button.o
 .bss           0x00000000        0x0 Driver/Button/Button.o
 .text          0x00000000        0x0 Driver/Distance/Distance.o
 .data          0x00000000        0x0 Driver/Distance/Distance.o
 .bss           0x00000000        0x0 Driver/Distance/Distance.o
 .text          0x00000000        0x0 Driver/Led/Led.o
 .data          0x00000000        0x0 Driver/Led/Led.o
 .bss           0x00000000        0x0 Driver/Led/Led.o
 .text          0x00000000        0x0 Driver/Line/Line.o
 .data          0x00000000        0x0 Driver/Line/Line.o
 .bss           0x00000000        0x0 Driver/Line/Line.o
 .text          0x00000000        0x0 Driver/Motor/Motor.o
 .data          0x00000000        0x0 Driver/Motor/Motor.o
 .bss           0x00000000        0x0 Driver/Motor/Motor.o
 .text          0x00000000        0x0 Driver/PID/PID.o
 .data          0x00000000        0x0 Driver/PID/PID.o
 .bss           0x00000000        0x0 Driver/PID/PID.o
 .text          0x00000000        0x0 Driver/Scheduler/Scheduler.o
 .data          0x00000000        0x0 Driver/Scheduler/Scheduler.o
 .bss           0x00000000        0x0 Driver/Scheduler/Scheduler.o
 .text.Scheduler_TaskPostpone
                0x00000000       0xa4 Driver/Scheduler/Scheduler.o
 .text.Scheduler_SetOperatingLevel
                0x00000000        0x6 Driver/Scheduler/Scheduler.o
 .text          0x00000000        0x0 Driver/StartModule/StartModule.o
 .data          0x00000000        0x0 Driver/StartModule/StartModule.o
 .bss           0x00000000        0x0 Driver/StartModule/StartModule.o
 .text          0x00000000        0x0 Driver/Terminal/Terminal.o
 .data          0x00000000        0x0 Driver/Terminal/Terminal.o
 .bss           0x00000000        0x0 Driver/Terminal/Terminal.o
 .text.Terminal_GetLevel
                0x00000000        0x6 Driver/Terminal/Terminal.o
 .text          0x00000000        0x0 main.o
 .data          0x00000000        0x0 main.o
 .bss           0x00000000        0x0 main.o
 .text          0x00000000        0x0 Util/Gpio/Gpio.o
 .data          0x00000000        0x0 Util/Gpio/Gpio.o
 .bss           0x00000000        0x0 Util/Gpio/Gpio.o
 .text          0x00000000        0x0 Util/Time/Time.o
 .data          0x00000000        0x0 Util/Time/Time.o
 .bss           0x00000000        0x0 Util/Time/Time.o
 .text          0x00000000        0x0 c:/program files (x86)/atmel/studio/7.0/toolchain/avr8/avr8-gnu-toolchain/bin/../lib/gcc/avr/5.4.0/../../../../avr/lib/avr5\libm.a(addsf3.o)
 .data          0x00000000        0x0 c:/program files (x86)/atmel/studio/7.0/toolchain/avr8/avr8-gnu-toolchain/bin/../lib/gcc/avr/5.4.0/../../../../avr/lib/avr5\libm.a(addsf3.o)
 .bss           0x00000000        0x0 c:/program files (x86)/atmel/studio/7.0/toolchain/avr8/avr8-gnu-toolchain/bin/../lib/gcc/avr/5.4.0/../../../../avr/lib/avr5\libm.a(addsf3.o)
 .text          0x00000000        0x0 c:/program files (x86)/atmel/studio/7.0/toolchain/avr8/avr8-gnu-toolchain/bin/../lib/gcc/avr/5.4.0/../../../../avr/lib/avr5\libm.a(addsf3x.o)
 .data          0x00000000        0x0 c:/program files (x86)/atmel/studio/7.0/toolchain/avr8/avr8-gnu-toolchain/bin/../lib/gcc/avr/5.4.0/../../../../avr/lib/avr5\libm.a(addsf3x.o)
 .bss           0x00000000        0x0 c:/program files (x86)/atmel/studio/7.0/toolchain/avr8/avr8-gnu-toolchain/bin/../lib/gcc/avr/5.4.0/../../../../avr/lib/avr5\libm.a(addsf3x.o)
 .text          0x00000000        0x0 c:/program files (x86)/atmel/studio/7.0/toolchain/avr8/avr8-gnu-toolchain/bin/../lib/gcc/avr/5.4.0/../../../../avr/lib/avr5\libm.a(cmpsf2.o)
 .data          0x00000000        0x0 c:/program files (x86)/atmel/studio/7.0/toolchain/avr8/avr8-gnu-toolchain/bin/../lib/gcc/avr/5.4.0/../../../../avr/lib/avr5\libm.a(cmpsf2.o)
 .bss           0x00000000        0x0 c:/program files (x86)/atmel/studio/7.0/toolchain/avr8/avr8-gnu-toolchain/bin/../lib/gcc/avr/5.4.0/../../../../avr/lib/avr5\libm.a(cmpsf2.o)
 .text          0x00000000        0x0 c:/program files (x86)/atmel/studio/7.0/toolchain/avr8/avr8-gnu-toolchain/bin/../lib/gcc/avr/5.4.0/../../../../avr/lib/avr5\libm.a(divsf3.o)
 .data          0x00000000        0x0 c:/program files (x86)/atmel/studio/7.0/toolchain/avr8/avr8-gnu-toolchain/bin/../lib/gcc/avr/5.4.0/../../../../avr/lib/avr5\libm.a(divsf3.o)
 .bss           0x00000000        0x0 c:/program files (x86)/atmel/studio/7.0/toolchain/avr8/avr8-gnu-toolchain/bin/../lib/gcc/avr/5.4.0/../../../../avr/lib/avr5\libm.a(divsf3.o)
 .text          0x00000000        0x0 c:/program files (x86)/atmel/studio/7.0/toolchain/avr8/avr8-gnu-toolchain/bin/../lib/gcc/avr/5.4.0/../../../../avr/lib/avr5\libm.a(divsf3x.o)
 .data          0x00000000        0x0 c:/program files (x86)/atmel/studio/7.0/toolchain/avr8/avr8-gnu-toolchain/bin/../lib/gcc/avr/5.4.0/../../../../avr/lib/avr5\libm.a(divsf3x.o)
 .bss           0x00000000        0x0 c:/program files (x86)/atmel/studio/7.0/toolchain/avr8/avr8-gnu-toolchain/bin/../lib/gcc/avr/5.4.0/../../../../avr/lib/avr5\libm.a(divsf3x.o)
 .text          0x00000000        0x0 c:/program files (x86)/atmel/studio/7.0/toolchain/avr8/avr8-gnu-toolchain/bin/../lib/gcc/avr/5.4.0/../../../../avr/lib/avr5\libm.a(fixunssfsi.o)
 .data          0x00000000        0x0 c:/program files (x86)/atmel/studio/7.0/toolchain/avr8/avr8-gnu-toolchain/bin/../lib/gcc/avr/5.4.0/../../../../avr/lib/avr5\libm.a(fixunssfsi.o)
 .bss           0x00000000        0x0 c:/program files (x86)/atmel/studio/7.0/toolchain/avr8/avr8-gnu-toolchain/bin/../lib/gcc/avr/5.4.0/../../../../avr/lib/avr5\libm.a(fixunssfsi.o)
 .text          0x00000000        0x0 c:/program files (x86)/atmel/studio/7.0/toolchain/avr8/avr8-gnu-toolchain/bin/../lib/gcc/avr/5.4.0/../../../../avr/lib/avr5\libm.a(floatsisf.o)
 .data          0x00000000        0x0 c:/program files (x86)/atmel/studio/7.0/toolchain/avr8/avr8-gnu-toolchain/bin/../lib/gcc/avr/5.4.0/../../../../avr/lib/avr5\libm.a(floatsisf.o)
 .bss           0x00000000        0x0 c:/program files (x86)/atmel/studio/7.0/toolchain/avr8/avr8-gnu-toolchain/bin/../lib/gcc/avr/5.4.0/../../../../avr/lib/avr5\libm.a(floatsisf.o)
 .text          0x00000000        0x0 c:/program files (x86)/atmel/studio/7.0/toolchain/avr8/avr8-gnu-toolchain/bin/../lib/gcc/avr/5.4.0/../../../../avr/lib/avr5\libm.a(fp_cmp.o)
 .data          0x00000000        0x0 c:/program files (x86)/atmel/studio/7.0/toolchain/avr8/avr8-gnu-toolchain/bin/../lib/gcc/avr/5.4.0/../../../../avr/lib/avr5\libm.a(fp_cmp.o)
 .bss           0x00000000        0x0 c:/program files (x86)/atmel/studio/7.0/toolchain/avr8/avr8-gnu-toolchain/bin/../lib/gcc/avr/5.4.0/../../../../avr/lib/avr5\libm.a(fp_cmp.o)
 .text          0x00000000        0x0 c:/program files (x86)/atmel/studio/7.0/toolchain/avr8/avr8-gnu-toolchain/bin/../lib/gcc/avr/5.4.0/../../../../avr/lib/avr5\libm.a(fp_inf.o)
 .data          0x00000000        0x0 c:/program files (x86)/atmel/studio/7.0/toolchain/avr8/avr8-gnu-toolchain/bin/../lib/gcc/avr/5.4.0/../../../../avr/lib/avr5\libm.a(fp_inf.o)
 .bss           0x00000000        0x0 c:/program files (x86)/atmel/studio/7.0/toolchain/avr8/avr8-gnu-toolchain/bin/../lib/gcc/avr/5.4.0/../../../../avr/lib/avr5\libm.a(fp_inf.o)
 .text          0x00000000        0x0 c:/program files (x86)/atmel/studio/7.0/toolchain/avr8/avr8-gnu-toolchain/bin/../lib/gcc/avr/5.4.0/../../../../avr/lib/avr5\libm.a(fp_nan.o)
 .data          0x00000000        0x0 c:/program files (x86)/atmel/studio/7.0/toolchain/avr8/avr8-gnu-toolchain/bin/../lib/gcc/avr/5.4.0/../../../../avr/lib/avr5\libm.a(fp_nan.o)
 .bss           0x00000000        0x0 c:/program files (x86)/atmel/studio/7.0/toolchain/avr8/avr8-gnu-toolchain/bin/../lib/gcc/avr/5.4.0/../../../../avr/lib/avr5\libm.a(fp_nan.o)
 .text          0x00000000        0x0 c:/program files (x86)/atmel/studio/7.0/toolchain/avr8/avr8-gnu-toolchain/bin/../lib/gcc/avr/5.4.0/../../../../avr/lib/avr5\libm.a(fp_pscA.o)
 .data          0x00000000        0x0 c:/program files (x86)/atmel/studio/7.0/toolchain/avr8/avr8-gnu-toolchain/bin/../lib/gcc/avr/5.4.0/../../../../avr/lib/avr5\libm.a(fp_pscA.o)
 .bss           0x00000000        0x0 c:/program files (x86)/atmel/studio/7.0/toolchain/avr8/avr8-gnu-toolchain/bin/../lib/gcc/avr/5.4.0/../../../../avr/lib/avr5\libm.a(fp_pscA.o)
 .text          0x00000000        0x0 c:/program files (x86)/atmel/studio/7.0/toolchain/avr8/avr8-gnu-toolchain/bin/../lib/gcc/avr/5.4.0/../../../../avr/lib/avr5\libm.a(fp_pscB.o)
 .data          0x00000000        0x0 c:/program files (x86)/atmel/studio/7.0/toolchain/avr8/avr8-gnu-toolchain/bin/../lib/gcc/avr/5.4.0/../../../../avr/lib/avr5\libm.a(fp_pscB.o)
 .bss           0x00000000        0x0 c:/program files (x86)/atmel/studio/7.0/toolchain/avr8/avr8-gnu-toolchain/bin/../lib/gcc/avr/5.4.0/../../../../avr/lib/avr5\libm.a(fp_pscB.o)
 .text          0x00000000        0x0 c:/program files (x86)/atmel/studio/7.0/toolchain/avr8/avr8-gnu-toolchain/bin/../lib/gcc/avr/5.4.0/../../../../avr/lib/avr5\libm.a(fp_round.o)
 .data          0x00000000        0x0 c:/program files (x86)/atmel/studio/7.0/toolchain/avr8/avr8-gnu-toolchain/bin/../lib/gcc/avr/5.4.0/../../../../avr/lib/avr5\libm.a(fp_round.o)
 .bss           0x00000000        0x0 c:/program files (x86)/atmel/studio/7.0/toolchain/avr8/avr8-gnu-toolchain/bin/../lib/gcc/avr/5.4.0/../../../../avr/lib/avr5\libm.a(fp_round.o)
 .text          0x00000000        0x0 c:/program files (x86)/atmel/studio/7.0/toolchain/avr8/avr8-gnu-toolchain/bin/../lib/gcc/avr/5.4.0/../../../../avr/lib/avr5\libm.a(fp_split3.o)
 .data          0x00000000        0x0 c:/program files (x86)/atmel/studio/7.0/toolchain/avr8/avr8-gnu-toolchain/bin/../lib/gcc/avr/5.4.0/../../../../avr/lib/avr5\libm.a(fp_split3.o)
 .bss           0x00000000        0x0 c:/program files (x86)/atmel/studio/7.0/toolchain/avr8/avr8-gnu-toolchain/bin/../lib/gcc/avr/5.4.0/../../../../avr/lib/avr5\libm.a(fp_split3.o)
 .text          0x00000000        0x0 c:/program files (x86)/atmel/studio/7.0/toolchain/avr8/avr8-gnu-toolchain/bin/../lib/gcc/avr/5.4.0/../../../../avr/lib/avr5\libm.a(fp_zero.o)
 .data          0x00000000        0x0 c:/program files (x86)/atmel/studio/7.0/toolchain/avr8/avr8-gnu-toolchain/bin/../lib/gcc/avr/5.4.0/../../../../avr/lib/avr5\libm.a(fp_zero.o)
 .bss           0x00000000        0x0 c:/program files (x86)/atmel/studio/7.0/toolchain/avr8/avr8-gnu-toolchain/bin/../lib/gcc/avr/5.4.0/../../../../avr/lib/avr5\libm.a(fp_zero.o)
 .text          0x00000000        0x0 c:/program files (x86)/atmel/studio/7.0/toolchain/avr8/avr8-gnu-toolchain/bin/../lib/gcc/avr/5.4.0/../../../../avr/lib/avr5\libm.a(gesf2.o)
 .data          0x00000000        0x0 c:/program files (x86)/atmel/studio/7.0/toolchain/avr8/avr8-gnu-toolchain/bin/../lib/gcc/avr/5.4.0/../../../../avr/lib/avr5\libm.a(gesf2.o)
 .bss           0x00000000        0x0 c:/program files (x86)/atmel/studio/7.0/toolchain/avr8/avr8-gnu-toolchain/bin/../lib/gcc/avr/5.4.0/../../../../avr/lib/avr5\libm.a(gesf2.o)
 .text          0x00000000        0x0 c:/program files (x86)/atmel/studio/7.0/toolchain/avr8/avr8-gnu-toolchain/bin/../lib/gcc/avr/5.4.0/../../../../avr/lib/avr5\libm.a(mulsf3.o)
 .data          0x00000000        0x0 c:/program files (x86)/atmel/studio/7.0/toolchain/avr8/avr8-gnu-toolchain/bin/../lib/gcc/avr/5.4.0/../../../../avr/lib/avr5\libm.a(mulsf3.o)
 .bss           0x00000000        0x0 c:/program files (x86)/atmel/studio/7.0/toolchain/avr8/avr8-gnu-toolchain/bin/../lib/gcc/avr/5.4.0/../../../../avr/lib/avr5\libm.a(mulsf3.o)
 .text          0x00000000        0x0 c:/program files (x86)/atmel/studio/7.0/toolchain/avr8/avr8-gnu-toolchain/bin/../lib/gcc/avr/5.4.0/../../../../avr/lib/avr5\libm.a(mulsf3x.o)
 .data          0x00000000        0x0 c:/program files (x86)/atmel/studio/7.0/toolchain/avr8/avr8-gnu-toolchain/bin/../lib/gcc/avr/5.4.0/../../../../avr/lib/avr5\libm.a(mulsf3x.o)
 .bss           0x00000000        0x0 c:/program files (x86)/atmel/studio/7.0/toolchain/avr8/avr8-gnu-toolchain/bin/../lib/gcc/avr/5.4.0/../../../../avr/lib/avr5\libm.a(mulsf3x.o)
 .text          0x00000000        0x0 c:/program files (x86)/atmel/studio/7.0/toolchain/avr8/avr8-gnu-toolchain/bin/../lib/gcc/avr/5.4.0/../../../../avr/lib/avr5\libm.a(round.o)
 .data          0x00000000        0x0 c:/program files (x86)/atmel/studio/7.0/toolchain/avr8/avr8-gnu-toolchain/bin/../lib/gcc/avr/5.4.0/../../../../avr/lib/avr5\libm.a(round.o)
 .bss           0x00000000        0x0 c:/program files (x86)/atmel/studio/7.0/toolchain/avr8/avr8-gnu-toolchain/bin/../lib/gcc/avr/5.4.0/../../../../avr/lib/avr5\libm.a(round.o)
 .text          0x00000000        0x0 c:/program files (x86)/atmel/studio/7.0/toolchain/avr8/avr8-gnu-toolchain/bin/../lib/gcc/avr/5.4.0/../../../../avr/lib/avr5\libm.a(fp_mintl.o)
 .data          0x00000000        0x0 c:/program files (x86)/atmel/studio/7.0/toolchain/avr8/avr8-gnu-toolchain/bin/../lib/gcc/avr/5.4.0/../../../../avr/lib/avr5\libm.a(fp_mintl.o)
 .bss           0x00000000        0x0 c:/program files (x86)/atmel/studio/7.0/toolchain/avr8/avr8-gnu-toolchain/bin/../lib/gcc/avr/5.4.0/../../../../avr/lib/avr5\libm.a(fp_mintl.o)
 .text          0x00000000        0x0 c:/program files (x86)/atmel/studio/7.0/toolchain/avr8/avr8-gnu-toolchain/bin/../lib/gcc/avr/5.4.0/../../../../avr/lib/avr5\libm.a(fp_mpack.o)
 .data          0x00000000        0x0 c:/program files (x86)/atmel/studio/7.0/toolchain/avr8/avr8-gnu-toolchain/bin/../lib/gcc/avr/5.4.0/../../../../avr/lib/avr5\libm.a(fp_mpack.o)
 .bss           0x00000000        0x0 c:/program files (x86)/atmel/studio/7.0/toolchain/avr8/avr8-gnu-toolchain/bin/../lib/gcc/avr/5.4.0/../../../../avr/lib/avr5\libm.a(fp_mpack.o)
 .text          0x00000000        0x0 c:/program files (x86)/atmel/studio/7.0/toolchain/avr8/avr8-gnu-toolchain/bin/../lib/gcc/avr/5.4.0/avr5\libgcc.a(_mulsi3.o)
 .data          0x00000000        0x0 c:/program files (x86)/atmel/studio/7.0/toolchain/avr8/avr8-gnu-toolchain/bin/../lib/gcc/avr/5.4.0/avr5\libgcc.a(_mulsi3.o)
 .bss           0x00000000        0x0 c:/program files (x86)/atmel/studio/7.0/toolchain/avr8/avr8-gnu-toolchain/bin/../lib/gcc/avr/5.4.0/avr5\libgcc.a(_mulsi3.o)
 .text.libgcc.div
                0x00000000        0x0 c:/program files (x86)/atmel/studio/7.0/toolchain/avr8/avr8-gnu-toolchain/bin/../lib/gcc/avr/5.4.0/avr5\libgcc.a(_mulsi3.o)
 .text.libgcc   0x00000000        0x0 c:/program files (x86)/atmel/studio/7.0/toolchain/avr8/avr8-gnu-toolchain/bin/../lib/gcc/avr/5.4.0/avr5\libgcc.a(_mulsi3.o)
 .text.libgcc.prologue
                0x00000000        0x0 c:/program files (x86)/atmel/studio/7.0/toolchain/avr8/avr8-gnu-toolchain/bin/../lib/gcc/avr/5.4.0/avr5\libgcc.a(_mulsi3.o)
 .text.libgcc.builtins
                0x00000000        0x0 c:/program files (x86)/atmel/studio/7.0/toolchain/avr8/avr8-gnu-toolchain/bin/../lib/gcc/avr/5.4.0/avr5\libgcc.a(_mulsi3.o)
 .text.libgcc.fmul
                0x00000000        0x0 c:/program files (x86)/atmel/studio/7.0/toolchain/avr8/avr8-gnu-toolchain/bin/../lib/gcc/avr/5.4.0/avr5\libgcc.a(_mulsi3.o)
 .text.libgcc.fixed
                0x00000000        0x0 c:/program files (x86)/atmel/studio/7.0/toolchain/avr8/avr8-gnu-toolchain/bin/../lib/gcc/avr/5.4.0/avr5\libgcc.a(_mulsi3.o)
 .text          0x00000000        0x0 c:/program files (x86)/atmel/studio/7.0/toolchain/avr8/avr8-gnu-toolchain/bin/../lib/gcc/avr/5.4.0/avr5\libgcc.a(_divmodsi4.o)
 .data          0x00000000        0x0 c:/program files (x86)/atmel/studio/7.0/toolchain/avr8/avr8-gnu-toolchain/bin/../lib/gcc/avr/5.4.0/avr5\libgcc.a(_divmodsi4.o)
 .bss           0x00000000        0x0 c:/program files (x86)/atmel/studio/7.0/toolchain/avr8/avr8-gnu-toolchain/bin/../lib/gcc/avr/5.4.0/avr5\libgcc.a(_divmodsi4.o)
 .text.libgcc.mul
                0x00000000        0x0 c:/program files (x86)/atmel/studio/7.0/toolchain/avr8/avr8-gnu-toolchain/bin/../lib/gcc/avr/5.4.0/avr5\libgcc.a(_divmodsi4.o)
 .text.libgcc   0x00000000        0x0 c:/program files (x86)/atmel/studio/7.0/toolchain/avr8/avr8-gnu-toolchain/bin/../lib/gcc/avr/5.4.0/avr5\libgcc.a(_divmodsi4.o)
 .text.libgcc.prologue
                0x00000000        0x0 c:/program files (x86)/atmel/studio/7.0/toolchain/avr8/avr8-gnu-toolchain/bin/../lib/gcc/avr/5.4.0/avr5\libgcc.a(_divmodsi4.o)
 .text.libgcc.builtins
                0x00000000        0x0 c:/program files (x86)/atmel/studio/7.0/toolchain/avr8/avr8-gnu-toolchain/bin/../lib/gcc/avr/5.4.0/avr5\libgcc.a(_divmodsi4.o)
 .text.libgcc.fmul
                0x00000000        0x0 c:/program files (x86)/atmel/studio/7.0/toolchain/avr8/avr8-gnu-toolchain/bin/../lib/gcc/avr/5.4.0/avr5\libgcc.a(_divmodsi4.o)
 .text.libgcc.fixed
                0x00000000        0x0 c:/program files (x86)/atmel/studio/7.0/toolchain/avr8/avr8-gnu-toolchain/bin/../lib/gcc/avr/5.4.0/avr5\libgcc.a(_divmodsi4.o)
 .text          0x00000000        0x0 c:/program files (x86)/atmel/studio/7.0/toolchain/avr8/avr8-gnu-toolchain/bin/../lib/gcc/avr/5.4.0/avr5\libgcc.a(_negsi2.o)
 .data          0x00000000        0x0 c:/program files (x86)/atmel/studio/7.0/toolchain/avr8/avr8-gnu-toolchain/bin/../lib/gcc/avr/5.4.0/avr5\libgcc.a(_negsi2.o)
 .bss           0x00000000        0x0 c:/program files (x86)/atmel/studio/7.0/toolchain/avr8/avr8-gnu-toolchain/bin/../lib/gcc/avr/5.4.0/avr5\libgcc.a(_negsi2.o)
 .text.libgcc.mul
                0x00000000        0x0 c:/program files (x86)/atmel/studio/7.0/toolchain/avr8/avr8-gnu-toolchain/bin/../lib/gcc/avr/5.4.0/avr5\libgcc.a(_negsi2.o)
 .text.libgcc   0x00000000        0x0 c:/program files (x86)/atmel/studio/7.0/toolchain/avr8/avr8-gnu-toolchain/bin/../lib/gcc/avr/5.4.0/avr5\libgcc.a(_negsi2.o)
 .text.libgcc.prologue
                0x00000000        0x0 c:/program files (x86)/atmel/studio/7.0/toolchain/avr8/avr8-gnu-toolchain/bin/../lib/gcc/avr/5.4.0/avr5\libgcc.a(_negsi2.o)
 .text.libgcc.builtins
                0x00000000        0x0 c:/program files (x86)/atmel/studio/7.0/toolchain/avr8/avr8-gnu-toolchain/bin/../lib/gcc/avr/5.4.0/avr5\libgcc.a(_negsi2.o)
 .text.libgcc.fmul
                0x00000000        0x0 c:/program files (x86)/atmel/studio/7.0/toolchain/avr8/avr8-gnu-toolchain/bin/../lib/gcc/avr/5.4.0/avr5\libgcc.a(_negsi2.o)
 .text.libgcc.fixed
                0x00000000        0x0 c:/program files (x86)/atmel/studio/7.0/toolchain/avr8/avr8-gnu-toolchain/bin/../lib/gcc/avr/5.4.0/avr5\libgcc.a(_negsi2.o)
 .text          0x00000000        0x0 c:/program files (x86)/atmel/studio/7.0/toolchain/avr8/avr8-gnu-toolchain/bin/../lib/gcc/avr/5.4.0/avr5\libgcc.a(_exit.o)
 .data          0x00000000        0x0 c:/program files (x86)/atmel/studio/7.0/toolchain/avr8/avr8-gnu-toolchain/bin/../lib/gcc/avr/5.4.0/avr5\libgcc.a(_exit.o)
 .bss           0x00000000        0x0 c:/program files (x86)/atmel/studio/7.0/toolchain/avr8/avr8-gnu-toolchain/bin/../lib/gcc/avr/5.4.0/avr5\libgcc.a(_exit.o)
 .text.libgcc.mul
                0x00000000        0x0 c:/program files (x86)/atmel/studio/7.0/toolchain/avr8/avr8-gnu-toolchain/bin/../lib/gcc/avr/5.4.0/avr5\libgcc.a(_exit.o)
 .text.libgcc.div
                0x00000000        0x0 c:/program files (x86)/atmel/studio/7.0/toolchain/avr8/avr8-gnu-toolchain/bin/../lib/gcc/avr/5.4.0/avr5\libgcc.a(_exit.o)
 .text.libgcc   0x00000000        0x0 c:/program files (x86)/atmel/studio/7.0/toolchain/avr8/avr8-gnu-toolchain/bin/../lib/gcc/avr/5.4.0/avr5\libgcc.a(_exit.o)
 .text.libgcc.prologue
                0x00000000        0x0 c:/program files (x86)/atmel/studio/7.0/toolchain/avr8/avr8-gnu-toolchain/bin/../lib/gcc/avr/5.4.0/avr5\libgcc.a(_exit.o)
 .text.libgcc.builtins
                0x00000000        0x0 c:/program files (x86)/atmel/studio/7.0/toolchain/avr8/avr8-gnu-toolchain/bin/../lib/gcc/avr/5.4.0/avr5\libgcc.a(_exit.o)
 .text.libgcc.fmul
                0x00000000        0x0 c:/program files (x86)/atmel/studio/7.0/toolchain/avr8/avr8-gnu-toolchain/bin/../lib/gcc/avr/5.4.0/avr5\libgcc.a(_exit.o)
 .text.libgcc.fixed
                0x00000000        0x0 c:/program files (x86)/atmel/studio/7.0/toolchain/avr8/avr8-gnu-toolchain/bin/../lib/gcc/avr/5.4.0/avr5\libgcc.a(_exit.o)
 .text          0x00000000        0x0 c:/program files (x86)/atmel/studio/7.0/toolchain/avr8/avr8-gnu-toolchain/bin/../lib/gcc/avr/5.4.0/avr5\libgcc.a(_tablejump2.o)
 .data          0x00000000        0x0 c:/program files (x86)/atmel/studio/7.0/toolchain/avr8/avr8-gnu-toolchain/bin/../lib/gcc/avr/5.4.0/avr5\libgcc.a(_tablejump2.o)
 .bss           0x00000000        0x0 c:/program files (x86)/atmel/studio/7.0/toolchain/avr8/avr8-gnu-toolchain/bin/../lib/gcc/avr/5.4.0/avr5\libgcc.a(_tablejump2.o)
 .text.libgcc.mul
                0x00000000        0x0 c:/program files (x86)/atmel/studio/7.0/toolchain/avr8/avr8-gnu-toolchain/bin/../lib/gcc/avr/5.4.0/avr5\libgcc.a(_tablejump2.o)
 .text.libgcc.div
                0x00000000        0x0 c:/program files (x86)/atmel/studio/7.0/toolchain/avr8/avr8-gnu-toolchain/bin/../lib/gcc/avr/5.4.0/avr5\libgcc.a(_tablejump2.o)
 .text.libgcc.prologue
                0x00000000        0x0 c:/program files (x86)/atmel/studio/7.0/toolchain/avr8/avr8-gnu-toolchain/bin/../lib/gcc/avr/5.4.0/avr5\libgcc.a(_tablejump2.o)
 .text.libgcc.builtins
                0x00000000        0x0 c:/program files (x86)/atmel/studio/7.0/toolchain/avr8/avr8-gnu-toolchain/bin/../lib/gcc/avr/5.4.0/avr5\libgcc.a(_tablejump2.o)
 .text.libgcc.fmul
                0x00000000        0x0 c:/program files (x86)/atmel/studio/7.0/toolchain/avr8/avr8-gnu-toolchain/bin/../lib/gcc/avr/5.4.0/avr5\libgcc.a(_tablejump2.o)
 .text.libgcc.fixed
                0x00000000        0x0 c:/program files (x86)/atmel/studio/7.0/toolchain/avr8/avr8-gnu-toolchain/bin/../lib/gcc/avr/5.4.0/avr5\libgcc.a(_tablejump2.o)
 .text          0x00000000        0x0 c:/program files (x86)/atmel/studio/7.0/toolchain/avr8/avr8-gnu-toolchain/bin/../lib/gcc/avr/5.4.0/avr5\libgcc.a(_copy_data.o)
 .data          0x00000000        0x0 c:/program files (x86)/atmel/studio/7.0/toolchain/avr8/avr8-gnu-toolchain/bin/../lib/gcc/avr/5.4.0/avr5\libgcc.a(_copy_data.o)
 .bss           0x00000000        0x0 c:/program files (x86)/atmel/studio/7.0/toolchain/avr8/avr8-gnu-toolchain/bin/../lib/gcc/avr/5.4.0/avr5\libgcc.a(_copy_data.o)
 .text.libgcc.mul
                0x00000000        0x0 c:/program files (x86)/atmel/studio/7.0/toolchain/avr8/avr8-gnu-toolchain/bin/../lib/gcc/avr/5.4.0/avr5\libgcc.a(_copy_data.o)
 .text.libgcc.div
                0x00000000        0x0 c:/program files (x86)/atmel/studio/7.0/toolchain/avr8/avr8-gnu-toolchain/bin/../lib/gcc/avr/5.4.0/avr5\libgcc.a(_copy_data.o)
 .text.libgcc   0x00000000        0x0 c:/program files (x86)/atmel/studio/7.0/toolchain/avr8/avr8-gnu-toolchain/bin/../lib/gcc/avr/5.4.0/avr5\libgcc.a(_copy_data.o)
 .text.libgcc.prologue
                0x00000000        0x0 c:/program files (x86)/atmel/studio/7.0/toolchain/avr8/avr8-gnu-toolchain/bin/../lib/gcc/avr/5.4.0/avr5\libgcc.a(_copy_data.o)
 .text.libgcc.builtins
                0x00000000        0x0 c:/program files (x86)/atmel/studio/7.0/toolchain/avr8/avr8-gnu-toolchain/bin/../lib/gcc/avr/5.4.0/avr5\libgcc.a(_copy_data.o)
 .text.libgcc.fmul
                0x00000000        0x0 c:/program files (x86)/atmel/studio/7.0/toolchain/avr8/avr8-gnu-toolchain/bin/../lib/gcc/avr/5.4.0/avr5\libgcc.a(_copy_data.o)
 .text.libgcc.fixed
                0x00000000        0x0 c:/program files (x86)/atmel/studio/7.0/toolchain/avr8/avr8-gnu-toolchain/bin/../lib/gcc/avr/5.4.0/avr5\libgcc.a(_copy_data.o)
 .text          0x00000000        0x0 c:/program files (x86)/atmel/studio/7.0/toolchain/avr8/avr8-gnu-toolchain/bin/../lib/gcc/avr/5.4.0/avr5\libgcc.a(_clear_bss.o)
 .data          0x00000000        0x0 c:/program files (x86)/atmel/studio/7.0/toolchain/avr8/avr8-gnu-toolchain/bin/../lib/gcc/avr/5.4.0/avr5\libgcc.a(_clear_bss.o)
 .bss           0x00000000        0x0 c:/program files (x86)/atmel/studio/7.0/toolchain/avr8/avr8-gnu-toolchain/bin/../lib/gcc/avr/5.4.0/avr5\libgcc.a(_clear_bss.o)
 .text.libgcc.mul
                0x00000000        0x0 c:/program files (x86)/atmel/studio/7.0/toolchain/avr8/avr8-gnu-toolchain/bin/../lib/gcc/avr/5.4.0/avr5\libgcc.a(_clear_bss.o)
 .text.libgcc.div
                0x00000000        0x0 c:/program files (x86)/atmel/studio/7.0/toolchain/avr8/avr8-gnu-toolchain/bin/../lib/gcc/avr/5.4.0/avr5\libgcc.a(_clear_bss.o)
 .text.libgcc   0x00000000        0x0 c:/program files (x86)/atmel/studio/7.0/toolchain/avr8/avr8-gnu-toolchain/bin/../lib/gcc/avr/5.4.0/avr5\libgcc.a(_clear_bss.o)
 .text.libgcc.prologue
                0x00000000        0x0 c:/program files (x86)/atmel/studio/7.0/toolchain/avr8/avr8-gnu-toolchain/bin/../lib/gcc/avr/5.4.0/avr5\libgcc.a(_clear_bss.o)
 .text.libgcc.builtins
                0x00000000        0x0 c:/program files (x86)/atmel/studio/7.0/toolchain/avr8/avr8-gnu-toolchain/bin/../lib/gcc/avr/5.4.0/avr5\libgcc.a(_clear_bss.o)
 .text.libgcc.fmul
                0x00000000        0x0 c:/program files (x86)/atmel/studio/7.0/toolchain/avr8/avr8-gnu-toolchain/bin/../lib/gcc/avr/5.4.0/avr5\libgcc.a(_clear_bss.o)
 .text.libgcc.fixed
                0x00000000        0x0 c:/program files (x86)/atmel/studio/7.0/toolchain/avr8/avr8-gnu-toolchain/bin/../lib/gcc/avr/5.4.0/avr5\libgcc.a(_clear_bss.o)
 .text          0x00000000        0x0 c:/program files (x86)/atmel/studio/7.0/toolchain/avr8/avr8-gnu-toolchain/bin/../lib/gcc/avr/5.4.0/avr5\libgcc.a(_umulhisi3.o)
 .data          0x00000000        0x0 c:/program files (x86)/atmel/studio/7.0/toolchain/avr8/avr8-gnu-toolchain/bin/../lib/gcc/avr/5.4.0/avr5\libgcc.a(_umulhisi3.o)
 .bss           0x00000000        0x0 c:/program files (x86)/atmel/studio/7.0/toolchain/avr8/avr8-gnu-toolchain/bin/../lib/gcc/avr/5.4.0/avr5\libgcc.a(_umulhisi3.o)
 .text.libgcc.div
                0x00000000        0x0 c:/program files (x86)/atmel/studio/7.0/toolchain/avr8/avr8-gnu-toolchain/bin/../lib/gcc/avr/5.4.0/avr5\libgcc.a(_umulhisi3.o)
 .text.libgcc   0x00000000        0x0 c:/program files (x86)/atmel/studio/7.0/toolchain/avr8/avr8-gnu-toolchain/bin/../lib/gcc/avr/5.4.0/avr5\libgcc.a(_umulhisi3.o)
 .text.libgcc.prologue
                0x00000000        0x0 c:/program files (x86)/atmel/studio/7.0/toolchain/avr8/avr8-gnu-toolchain/bin/../lib/gcc/avr/5.4.0/avr5\libgcc.a(_umulhisi3.o)
 .text.libgcc.builtins
                0x00000000        0x0 c:/program files (x86)/atmel/studio/7.0/toolchain/avr8/avr8-gnu-toolchain/bin/../lib/gcc/avr/5.4.0/avr5\libgcc.a(_umulhisi3.o)
 .text.libgcc.fmul
                0x00000000        0x0 c:/program files (x86)/atmel/studio/7.0/toolchain/avr8/avr8-gnu-toolchain/bin/../lib/gcc/avr/5.4.0/avr5\libgcc.a(_umulhisi3.o)
 .text.libgcc.fixed
                0x00000000        0x0 c:/program files (x86)/atmel/studio/7.0/toolchain/avr8/avr8-gnu-toolchain/bin/../lib/gcc/avr/5.4.0/avr5\libgcc.a(_umulhisi3.o)
 .text          0x00000000        0x0 c:/program files (x86)/atmel/studio/7.0/toolchain/avr8/avr8-gnu-toolchain/bin/../lib/gcc/avr/5.4.0/avr5\libgcc.a(_muluhisi3.o)
 .data          0x00000000        0x0 c:/program files (x86)/atmel/studio/7.0/toolchain/avr8/avr8-gnu-toolchain/bin/../lib/gcc/avr/5.4.0/avr5\libgcc.a(_muluhisi3.o)
 .bss           0x00000000        0x0 c:/program files (x86)/atmel/studio/7.0/toolchain/avr8/avr8-gnu-toolchain/bin/../lib/gcc/avr/5.4.0/avr5\libgcc.a(_muluhisi3.o)
 .text.libgcc.div
                0x00000000        0x0 c:/program files (x86)/atmel/studio/7.0/toolchain/avr8/avr8-gnu-toolchain/bin/../lib/gcc/avr/5.4.0/avr5\libgcc.a(_muluhisi3.o)
 .text.libgcc   0x00000000        0x0 c:/program files (x86)/atmel/studio/7.0/toolchain/avr8/avr8-gnu-toolchain/bin/../lib/gcc/avr/5.4.0/avr5\libgcc.a(_muluhisi3.o)
 .text.libgcc.prologue
                0x00000000        0x0 c:/program files (x86)/atmel/studio/7.0/toolchain/avr8/avr8-gnu-toolchain/bin/../lib/gcc/avr/5.4.0/avr5\libgcc.a(_muluhisi3.o)
 .text.libgcc.builtins
                0x00000000        0x0 c:/program files (x86)/atmel/studio/7.0/toolchain/avr8/avr8-gnu-toolchain/bin/../lib/gcc/avr/5.4.0/avr5\libgcc.a(_muluhisi3.o)
 .text.libgcc.fmul
                0x00000000        0x0 c:/program files (x86)/atmel/studio/7.0/toolchain/avr8/avr8-gnu-toolchain/bin/../lib/gcc/avr/5.4.0/avr5\libgcc.a(_muluhisi3.o)
 .text.libgcc.fixed
                0x00000000        0x0 c:/program files (x86)/atmel/studio/7.0/toolchain/avr8/avr8-gnu-toolchain/bin/../lib/gcc/avr/5.4.0/avr5\libgcc.a(_muluhisi3.o)
 .text          0x00000000        0x0 c:/program files (x86)/atmel/studio/7.0/toolchain/avr8/avr8-gnu-toolchain/bin/../lib/gcc/avr/5.4.0/avr5\libgcc.a(_udivmodsi4.o)
 .data          0x00000000        0x0 c:/program files (x86)/atmel/studio/7.0/toolchain/avr8/avr8-gnu-toolchain/bin/../lib/gcc/avr/5.4.0/avr5\libgcc.a(_udivmodsi4.o)
 .bss           0x00000000        0x0 c:/program files (x86)/atmel/studio/7.0/toolchain/avr8/avr8-gnu-toolchain/bin/../lib/gcc/avr/5.4.0/avr5\libgcc.a(_udivmodsi4.o)
 .text.libgcc.mul
                0x00000000        0x0 c:/program files (x86)/atmel/studio/7.0/toolchain/avr8/avr8-gnu-toolchain/bin/../lib/gcc/avr/5.4.0/avr5\libgcc.a(_udivmodsi4.o)
 .text.libgcc   0x00000000        0x0 c:/program files (x86)/atmel/studio/7.0/toolchain/avr8/avr8-gnu-toolchain/bin/../lib/gcc/avr/5.4.0/avr5\libgcc.a(_udivmodsi4.o)
 .text.libgcc.prologue
                0x00000000        0x0 c:/program files (x86)/atmel/studio/7.0/toolchain/avr8/avr8-gnu-toolchain/bin/../lib/gcc/avr/5.4.0/avr5\libgcc.a(_udivmodsi4.o)
 .text.libgcc.builtins
                0x00000000        0x0 c:/program files (x86)/atmel/studio/7.0/toolchain/avr8/avr8-gnu-toolchain/bin/../lib/gcc/avr/5.4.0/avr5\libgcc.a(_udivmodsi4.o)
 .text.libgcc.fmul
                0x00000000        0x0 c:/program files (x86)/atmel/studio/7.0/toolchain/avr8/avr8-gnu-toolchain/bin/../lib/gcc/avr/5.4.0/avr5\libgcc.a(_udivmodsi4.o)
 .text.libgcc.fixed
                0x00000000        0x0 c:/program files (x86)/atmel/studio/7.0/toolchain/avr8/avr8-gnu-toolchain/bin/../lib/gcc/avr/5.4.0/avr5\libgcc.a(_udivmodsi4.o)
 .text          0x00000000        0x0 c:/program files (x86)/atmel/studio/7.0/toolchain/avr8/avr8-gnu-toolchain/bin/../lib/gcc/avr/5.4.0/../../../../avr/lib/avr5\libc.a(strcmp.o)
 .data          0x00000000        0x0 c:/program files (x86)/atmel/studio/7.0/toolchain/avr8/avr8-gnu-toolchain/bin/../lib/gcc/avr/5.4.0/../../../../avr/lib/avr5\libc.a(strcmp.o)
 .bss           0x00000000        0x0 c:/program files (x86)/atmel/studio/7.0/toolchain/avr8/avr8-gnu-toolchain/bin/../lib/gcc/avr/5.4.0/../../../../avr/lib/avr5\libc.a(strcmp.o)
 .text          0x00000000        0x0 c:/program files (x86)/atmel/studio/7.0/toolchain/avr8/avr8-gnu-toolchain/bin/../lib/gcc/avr/5.4.0/../../../../avr/lib/avr5\libc.a(sprintf.o)
 .data          0x00000000        0x0 c:/program files (x86)/atmel/studio/7.0/toolchain/avr8/avr8-gnu-toolchain/bin/../lib/gcc/avr/5.4.0/../../../../avr/lib/avr5\libc.a(sprintf.o)
 .bss           0x00000000        0x0 c:/program files (x86)/atmel/studio/7.0/toolchain/avr8/avr8-gnu-toolchain/bin/../lib/gcc/avr/5.4.0/../../../../avr/lib/avr5\libc.a(sprintf.o)
 .text          0x00000000        0x0 c:/program files (x86)/atmel/studio/7.0/toolchain/avr8/avr8-gnu-toolchain/bin/../lib/gcc/avr/5.4.0/../../../../avr/lib/avr5\libc.a(vsnprintf.o)
 .data          0x00000000        0x0 c:/program files (x86)/atmel/studio/7.0/toolchain/avr8/avr8-gnu-toolchain/bin/../lib/gcc/avr/5.4.0/../../../../avr/lib/avr5\libc.a(vsnprintf.o)
 .bss           0x00000000        0x0 c:/program files (x86)/atmel/studio/7.0/toolchain/avr8/avr8-gnu-toolchain/bin/../lib/gcc/avr/5.4.0/../../../../avr/lib/avr5\libc.a(vsnprintf.o)
 .text          0x00000000        0x0 c:/program files (x86)/atmel/studio/7.0/toolchain/avr8/avr8-gnu-toolchain/bin/../lib/gcc/avr/5.4.0/../../../../avr/lib/avr5\libc.a(vfprintf_std.o)
 .data          0x00000000        0x0 c:/program files (x86)/atmel/studio/7.0/toolchain/avr8/avr8-gnu-toolchain/bin/../lib/gcc/avr/5.4.0/../../../../avr/lib/avr5\libc.a(vfprintf_std.o)
 .bss           0x00000000        0x0 c:/program files (x86)/atmel/studio/7.0/toolchain/avr8/avr8-gnu-toolchain/bin/../lib/gcc/avr/5.4.0/../../../../avr/lib/avr5\libc.a(vfprintf_std.o)
 .text          0x00000000        0x0 c:/program files (x86)/atmel/studio/7.0/toolchain/avr8/avr8-gnu-toolchain/bin/../lib/gcc/avr/5.4.0/../../../../avr/lib/avr5\libc.a(strnlen_P.o)
 .data          0x00000000        0x0 c:/program files (x86)/atmel/studio/7.0/toolchain/avr8/avr8-gnu-toolchain/bin/../lib/gcc/avr/5.4.0/../../../../avr/lib/avr5\libc.a(strnlen_P.o)
 .bss           0x00000000        0x0 c:/program files (x86)/atmel/studio/7.0/toolchain/avr8/avr8-gnu-toolchain/bin/../lib/gcc/avr/5.4.0/../../../../avr/lib/avr5\libc.a(strnlen_P.o)
 .text          0x00000000        0x0 c:/program files (x86)/atmel/studio/7.0/toolchain/avr8/avr8-gnu-toolchain/bin/../lib/gcc/avr/5.4.0/../../../../avr/lib/avr5\libc.a(strnlen.o)
 .data          0x00000000        0x0 c:/program files (x86)/atmel/studio/7.0/toolchain/avr8/avr8-gnu-toolchain/bin/../lib/gcc/avr/5.4.0/../../../../avr/lib/avr5\libc.a(strnlen.o)
 .bss           0x00000000        0x0 c:/program files (x86)/atmel/studio/7.0/toolchain/avr8/avr8-gnu-toolchain/bin/../lib/gcc/avr/5.4.0/../../../../avr/lib/avr5\libc.a(strnlen.o)
 .text          0x00000000        0x0 c:/program files (x86)/atmel/studio/7.0/toolchain/avr8/avr8-gnu-toolchain/bin/../lib/gcc/avr/5.4.0/../../../../avr/lib/avr5\libc.a(fputc.o)
 .data          0x00000000        0x0 c:/program files (x86)/atmel/studio/7.0/toolchain/avr8/avr8-gnu-toolchain/bin/../lib/gcc/avr/5.4.0/../../../../avr/lib/avr5\libc.a(fputc.o)
 .bss           0x00000000        0x0 c:/program files (x86)/atmel/studio/7.0/toolchain/avr8/avr8-gnu-toolchain/bin/../lib/gcc/avr/5.4.0/../../../../avr/lib/avr5\libc.a(fputc.o)
 .text          0x00000000        0x0 c:/program files (x86)/atmel/studio/7.0/toolchain/avr8/avr8-gnu-toolchain/bin/../lib/gcc/avr/5.4.0/../../../../avr/lib/avr5\libc.a(ultoa_invert.o)
 .data          0x00000000        0x0 c:/program files (x86)/atmel/studio/7.0/toolchain/avr8/avr8-gnu-toolchain/bin/../lib/gcc/avr/5.4.0/../../../../avr/lib/avr5\libc.a(ultoa_invert.o)
 .bss           0x00000000        0x0 c:/program files (x86)/atmel/studio/7.0/toolchain/avr8/avr8-gnu-toolchain/bin/../lib/gcc/avr/5.4.0/../../../../avr/lib/avr5\libc.a(ultoa_invert.o)
 .text          0x00000000        0x0 c:/program files (x86)/atmel/studio/7.0/toolchain/avr8/avr8-gnu-toolchain/bin/../lib/gcc/avr/5.4.0/avr5\libgcc.a(_prologue.o)
 .data          0x00000000        0x0 c:/program files (x86)/atmel/studio/7.0/toolchain/avr8/avr8-gnu-toolchain/bin/../lib/gcc/avr/5.4.0/avr5\libgcc.a(_prologue.o)
 .bss           0x00000000        0x0 c:/program files (x86)/atmel/studio/7.0/toolchain/avr8/avr8-gnu-toolchain/bin/../lib/gcc/avr/5.4.0/avr5\libgcc.a(_prologue.o)
 .text.libgcc.mul
                0x00000000        0x0 c:/program files (x86)/atmel/studio/7.0/toolchain/avr8/avr8-gnu-toolchain/bin/../lib/gcc/avr/5.4.0/avr5\libgcc.a(_prologue.o)
 .text.libgcc.div
                0x00000000        0x0 c:/program files (x86)/atmel/studio/7.0/toolchain/avr8/avr8-gnu-toolchain/bin/../lib/gcc/avr/5.4.0/avr5\libgcc.a(_prologue.o)
 .text.libgcc   0x00000000        0x0 c:/program files (x86)/atmel/studio/7.0/toolchain/avr8/avr8-gnu-toolchain/bin/../lib/gcc/avr/5.4.0/avr5\libgcc.a(_prologue.o)
 .text.libgcc.builtins
                0x00000000        0x0 c:/program files (x86)/atmel/studio/7.0/toolchain/avr8/avr8-gnu-toolchain/bin/../lib/gcc/avr/5.4.0/avr5\libgcc.a(_prologue.o)
 .text.libgcc.fmul
                0x00000000        0x0 c:/program files (x86)/atmel/studio/7.0/toolchain/avr8/avr8-gnu-toolchain/bin/../lib/gcc/avr/5.4.0/avr5\libgcc.a(_prologue.o)
 .text.libgcc.fixed
                0x00000000        0x0 c:/program files (x86)/atmel/studio/7.0/toolchain/avr8/avr8-gnu-toolchain/bin/../lib/gcc/avr/5.4.0/avr5\libgcc.a(_prologue.o)
 .text          0x00000000        0x0 c:/program files (x86)/atmel/studio/7.0/toolchain/avr8/avr8-gnu-toolchain/bin/../lib/gcc/avr/5.4.0/avr5\libgcc.a(_epilogue.o)
 .data          0x00000000        0x0 c:/program files (x86)/atmel/studio/7.0/toolchain/avr8/avr8-gnu-toolchain/bin/../lib/gcc/avr/5.4.0/avr5\libgcc.a(_epilogue.o)
 .bss           0x00000000        0x0 c:/program files (x86)/atmel/studio/7.0/toolchain/avr8/avr8-gnu-toolchain/bin/../lib/gcc/avr/5.4.0/avr5\libgcc.a(_epilogue.o)
 .text.libgcc.mul
                0x00000000        0x0 c:/program files (x86)/atmel/studio/7.0/toolchain/avr8/avr8-gnu-toolchain/bin/../lib/gcc/avr/5.4.0/avr5\libgcc.a(_epilogue.o)
 .text.libgcc.div
                0x00000000        0x0 c:/program files (x86)/atmel/studio/7.0/toolchain/avr8/avr8-gnu-toolchain/bin/../lib/gcc/avr/5.4.0/avr5\libgcc.a(_epilogue.o)
 .text.libgcc   0x00000000        0x0 c:/program files (x86)/atmel/studio/7.0/toolchain/avr8/avr8-gnu-toolchain/bin/../lib/gcc/avr/5.4.0/avr5\libgcc.a(_epilogue.o)
 .text.libgcc.builtins
                0x00000000        0x0 c:/program files (x86)/atmel/studio/7.0/toolchain/avr8/avr8-gnu-toolchain/bin/../lib/gcc/avr/5.4.0/avr5\libgcc.a(_epilogue.o)
 .text.libgcc.fmul
                0x00000000        0x0 c:/program files (x86)/atmel/studio/7.0/toolchain/avr8/avr8-gnu-toolchain/bin/../lib/gcc/avr/5.4.0/avr5\libgcc.a(_epilogue.o)
 .text.libgcc.fixed
                0x00000000        0x0 c:/program files (x86)/atmel/studio/7.0/toolchain/avr8/avr8-gnu-toolchain/bin/../lib/gcc/avr/5.4.0/avr5\libgcc.a(_epilogue.o)

Memory Configuration

Name             Origin             Length             Attributes
text             0x00000000         0x00008000         xr
data             0x00800060         0x00000800         rw !x
eeprom           0x00810000         0x00000400         rw !x
fuse             0x00820000         0x00000002         rw !x
lock             0x00830000         0x00000400         rw !x
signature        0x00840000         0x00000400         rw !x
user_signatures  0x00850000         0x00000400         rw !x
*default*        0x00000000         0xffffffff

Linker script and memory map

LOAD C:/Program Files (x86)/Atmel/Studio/7.0/Packs/atmel/ATmega_DFP/1.7.374/gcc/dev/atmega32/avr5/crtatmega32.o
LOAD App/Back/Back.o
LOAD App/Edge/Edge.o
LOAD App/Fight/Fight.o
LOAD App/Machine/Machine.o
LOAD App/Tactic/Tactic.o
LOAD Driver/Battery/Battery.o
LOAD Driver/Button/Button.o
LOAD Driver/Distance/Distance.o
LOAD Driver/Led/Led.o
LOAD Driver/Line/Line.o
LOAD Driver/Motor/Motor.o
LOAD Driver/PID/PID.o
LOAD Driver/Scheduler/Scheduler.o
LOAD Driver/StartModule/StartModule.o
LOAD Driver/Terminal/Terminal.o
LOAD main.o
LOAD Util/Gpio/Gpio.o
LOAD Util/Time/Time.o
START GROUP
LOAD c:/program files (x86)/atmel/studio/7.0/toolchain/avr8/avr8-gnu-toolchain/bin/../lib/gcc/avr/5.4.0/../../../../avr/lib/avr5\libm.a
END GROUP
START GROUP
LOAD c:/program files (x86)/atmel/studio/7.0/toolchain/avr8/avr8-gnu-toolchain/bin/../lib/gcc/avr/5.4.0/avr5\libgcc.a
LOAD c:/program files (x86)/atmel/studio/7.0/toolchain/avr8/avr8-gnu-toolchain/bin/../lib/gcc/avr/5.4.0/../../../../avr/lib/avr5\libm.a
LOAD c:/program files (x86)/atmel/studio/7.0/toolchain/avr8/avr8-gnu-toolchain/bin/../lib/gcc/avr/5.4.0/../../../../avr/lib/avr5\libc.a
LOAD C:/Program Files (x86)/Atmel/Studio/7.0/Packs/atmel/ATmega_DFP/1.7.374/gcc/dev/atmega32/avr5\libatmega32.a
END GROUP
                0x00000000                __TEXT_REGION_ORIGIN__ = DEFINED (__TEXT_REGION_ORIGIN__)?__TEXT_REGION_ORIGIN__:0x0
                [0x00800060]                __DATA_REGION_ORIGIN__ = DEFINED (__DATA_REGION_ORIGIN__)?__DATA_REGION_ORIGIN__:0x800060
                [0x00008000]                __TEXT_REGION_LENGTH__ = DEFINED (__TEXT_REGION_LENGTH__)?__TEXT_REGION_LENGTH__:0x20000
                [0x00000800]                __DATA_REGION_LENGTH__ = DEFINED (__DATA_REGION_LENGTH__)?__DATA_REGION_LENGTH__:0xffa0
                [0x00000400]                __EEPROM_REGION_LENGTH__ = DEFINED (__EEPROM_REGION_LENGTH__)?__EEPROM_REGION_LENGTH__:0x10000
                [0x00000002]                __FUSE_REGION_LENGTH__ = DEFINED (__FUSE_REGION_LENGTH__)?__FUSE_REGION_LENGTH__:0x400
                0x00000400                __LOCK_REGION_LENGTH__ = DEFINED (__LOCK_REGION_LENGTH__)?__LOCK_REGION_LENGTH__:0x400
                0x00000400                __SIGNATURE_REGION_LENGTH__ = DEFINED (__SIGNATURE_REGION_LENGTH__)?__SIGNATURE_REGION_LENGTH__:0x400
                0x00000400                __USER_SIGNATURE_REGION_LENGTH__ = DEFINED (__USER_SIGNATURE_REGION_LENGTH__)?__USER_SIGNATURE_REGION_LENGTH__:0x400

.hash
 *(.hash)

.dynsym
 *(.dynsym)

.dynstr
 *(.dynstr)

.gnu.version
 *(.gnu.version)

.gnu.version_d
 *(.gnu.version_d)

.gnu.version_r
 *(.gnu.version_r)

.rel.init
 *(.rel.init)

.rela.init
 *(.rela.init)

.rel.text
 *(.rel.text)
 *(.rel.text.*)
 *(.rel.gnu.linkonce.t*)

.rela.text
 *(.rela.text)
 *(.rela.text.*)
 *(.rela.gnu.linkonce.t*)

.rel.fini
 *(.rel.fini)

.rela.fini
 *(.rela.fini)

.rel.rodata
 *(.rel.rodata)
 *(.rel.rodata.*)
 *(.rel.gnu.linkonce.r*)

.rela.rodata
 *(.rela.rodata)
 *(.rela.rodata.*)
 *(.rela.gnu.linkonce.r*)

.rel.data
 *(.rel.data)
 *(.rel.data.*)
 *(.rel.gnu.linkonce.d*)

.rela.data
 *(.rela.data)
 *(.rela.data.*)
 *(.rela.gnu.linkonce.d*)

.rel.ctors
 *(.rel.ctors)

.rela.ctors
 *(.rela.ctors)

.rel.dtors
 *(.rel.dtors)

.rela.dtors
 *(.rela.dtors)

.rel.got
 *(.rel.got)

.rela.got
 *(.rela.got)

.rel.bss
 *(.rel.bss)

.rela.bss
 *(.rela.bss)

.rel.plt
 *(.rel.plt)

.rela.plt
 *(.rela.plt)

.text           0x00000000     0x3622
 *(.vectors)
 .vectors       0x00000000       0x54 C:/Program Files (x86)/Atmel/Studio/7.0/Packs/atmel/ATmega_DFP/1.7.374/gcc/dev/atmega32/avr5/crtatmega32.o
                0x00000000                __vector_default
                0x00000000                __vectors
 *(.vectors)
 *(.progmem.gcc*)
 .progmem.gcc_sw_table.TaskHandler
                0x00000054        0xe App/Machine/Machine.o
 .progmem.gcc_sw_table.Tactic_SetState
                0x00000062        0xe App/Tactic/Tactic.o
 .progmem.gcc_sw_table.Tactic_Handler
                0x00000070       0x10 App/Tactic/Tactic.o
                0x00000080                . = ALIGN (0x2)
                0x00000080                __trampolines_start = .
 *(.trampolines)
 .trampolines   0x00000080        0x0 linker stubs
 *(.trampolines*)
                0x00000080                __trampolines_end = .
 *libprintf_flt.a:*(.progmem.data)
 *libc.a:*(.progmem.data)
 *(.progmem*)
                0x00000080                . = ALIGN (0x2)
 *(.jumptables)
 *(.jumptables*)
 *(.lowtext)
 *(.lowtext*)
                0x00000080                __ctors_start = .
 *(.ctors)
                0x00000080                __ctors_end = .
                0x00000080                __dtors_start = .
 *(.dtors)
                0x00000080                __dtors_end = .
 SORT(*)(.ctors)
 SORT(*)(.dtors)
 *(.init0)
 .init0         0x00000080        0x0 C:/Program Files (x86)/Atmel/Studio/7.0/Packs/atmel/ATmega_DFP/1.7.374/gcc/dev/atmega32/avr5/crtatmega32.o
                0x00000080                __init
 *(.init0)
 *(.init1)
 *(.init1)
 *(.init2)
 .init2         0x00000080        0xc C:/Program Files (x86)/Atmel/Studio/7.0/Packs/atmel/ATmega_DFP/1.7.374/gcc/dev/atmega32/avr5/crtatmega32.o
 *(.init2)
 *(.init3)
 *(.init3)
 *(.init4)
 .init4         0x0000008c       0x16 c:/program files (x86)/atmel/studio/7.0/toolchain/avr8/avr8-gnu-toolchain/bin/../lib/gcc/avr/5.4.0/avr5\libgcc.a(_copy_data.o)
                0x0000008c                __do_copy_data
 .init4         0x000000a2       0x10 c:/program files (x86)/atmel/studio/7.0/toolchain/avr8/avr8-gnu-toolchain/bin/../lib/gcc/avr/5.4.0/avr5\libgcc.a(_clear_bss.o)
                0x000000a2                __do_clear_bss
 *(.init4)
 *(.init5)
 *(.init5)
 *(.init6)
 *(.init6)
 *(.init7)
 *(.init7)
 *(.init8)
 *(.init8)
 *(.init9)
 .init9         0x000000b2        0x8 C:/Program Files (x86)/Atmel/Studio/7.0/Packs/atmel/ATmega_DFP/1.7.374/gcc/dev/atmega32/avr5/crtatmega32.o
 *(.init9)
 *(.text)
 .text          0x000000ba        0x4 C:/Program Files (x86)/Atmel/Studio/7.0/Packs/atmel/ATmega_DFP/1.7.374/gcc/dev/atmega32/avr5/crtatmega32.o
                0x000000ba                __vector_1
                0x000000ba                __vector_12
                0x000000ba                __bad_interrupt
                0x000000ba                __vector_6
                0x000000ba                __vector_11
                0x000000ba                __vector_13
                0x000000ba                __vector_17
                0x000000ba                __vector_19
                0x000000ba                __vector_5
                0x000000ba                __vector_4
                0x000000ba                __vector_9
                0x000000ba                __vector_2
                0x000000ba                __vector_15
                0x000000ba                __vector_8
                0x000000ba                __vector_14
                0x000000ba                __vector_10
                0x000000ba                __vector_16
                0x000000ba                __vector_18
                0x000000ba                __vector_20
                0x000000be                . = ALIGN (0x2)
 *(.text.*)
 .text.Back_Handler
                0x000000be       0x56 App/Back/Back.o
                0x000000be                Back_Handler
 .text.Back_SetState
                0x00000114       0x6c App/Back/Back.o
                0x00000114                Back_SetState
 .text.Edge_SetState
                0x00000180       0xc2 App/Edge/Edge.o
                0x00000180                Edge_SetState
 .text.Edge_Handler
                0x00000242      0x212 App/Edge/Edge.o
                0x00000242                Edge_Handler
 .text.Loop     0x00000454      0x35a App/Fight/Fight.o
 .text.Fight_Init
                0x000007ae       0xc6 App/Fight/Fight.o
                0x000007ae                Fight_Init
 .text.Fight_SetState
                0x00000874       0x7a App/Fight/Fight.o
                0x00000874                Fight_SetState
 .text.Fight_Handler
                0x000008ee       0xda App/Fight/Fight.o
                0x000008ee                Fight_Handler
 .text.LedSignal
                0x000009c8       0x26 App/Machine/Machine.o
 .text.Machine_Init
                0x000009ee       0x42 App/Machine/Machine.o
                0x000009ee                Machine_Init
 .text.Machine_SetState
                0x00000a30       0xd8 App/Machine/Machine.o
                0x00000a30                Machine_SetState
 .text.ButtonHandler
                0x00000b08       0xfc App/Machine/Machine.o
 .text.TaskHandler
                0x00000c04      0x3e6 App/Machine/Machine.o
 .text.StopExecutingTacticWhenOponentDetected
                0x00000fea       0x3e App/Tactic/Tactic.o
 .text.Tactic_SetState
                0x00001028      0x162 App/Tactic/Tactic.o
                0x00001028                Tactic_SetState
 .text.Tactic_RunTestMode
                0x0000118a        0x8 App/Tactic/Tactic.o
                0x0000118a                Tactic_RunTestMode
 .text.Tactic_IsTestMode
                0x00001192        0x6 App/Tactic/Tactic.o
                0x00001192                Tactic_IsTestMode
 .text.Tactic_Handler
                0x00001198      0x202 App/Tactic/Tactic.o
                0x00001198                Tactic_Handler
 .text.TaskHandler
                0x0000139a       0xbe Driver/Battery/Battery.o
 .text.Precalculation
                0x00001458       0x1a Driver/Battery/Battery.o
 .text.Battery_Init
                0x00001472       0x66 Driver/Battery/Battery.o
                0x00001472                Battery_Init
 .text.Battery_GetVoltage
                0x000014d8       0xe2 Driver/Battery/Battery.o
                0x000014d8                Battery_GetVoltage
 .text.Button_Init
                0x000015ba       0x2e Driver/Button/Button.o
                0x000015ba                Button_Init
 .text.Button_GetState
                0x000015e8        0xe Driver/Button/Button.o
                0x000015e8                Button_GetState
 .text.EnterDebug
                0x000015f6       0x2e Driver/Button/Button.o
                0x000015f6                EnterDebug
 .text.TaskHandler
                0x00001624       0xae Driver/Distance/Distance.o
 .text.Distance_Init
                0x000016d2       0xa6 Driver/Distance/Distance.o
                0x000016d2                Distance_Init
 .text.Distance_GetFrontStateArray
                0x00001778       0x42 Driver/Distance/Distance.o
                0x00001778                Distance_GetFrontStateArray
 .text.Distance_GetNbrOfActFrontSensors
                0x000017ba       0x56 Driver/Distance/Distance.o
                0x000017ba                Distance_GetNbrOfActFrontSensors
 .text.Led_Set  0x00001810       0x30 Driver/Led/Led.o
                0x00001810                Led_Set
 .text.Led_Init
                0x00001840       0x5a Driver/Led/Led.o
                0x00001840                Led_Init
 .text.Led_FlashAndBlink
                0x0000189a      0x10c Driver/Led/Led.o
                0x0000189a                Led_FlashAndBlink
 .text.Led_ShortBlinkRed
                0x000019a6       0x50 Driver/Led/Led.o
                0x000019a6                Led_ShortBlinkRed
 .text.Led_ShortBlinkGreen
                0x000019f6       0x50 Driver/Led/Led.o
                0x000019f6                Led_ShortBlinkGreen
 .text.Led_ShortBlinkBlue
                0x00001a46       0x50 Driver/Led/Led.o
                0x00001a46                Led_ShortBlinkBlue
 .text.TaskHandler
                0x00001a96       0x70 Driver/Line/Line.o
 .text.Line_Init
                0x00001b06       0x88 Driver/Line/Line.o
                0x00001b06                Line_Init
 .text.Line_GetState
                0x00001b8e       0x12 Driver/Line/Line.o
                0x00001b8e                Line_GetState
 .text.Motor_Init
                0x00001ba0       0xac Driver/Motor/Motor.o
                0x00001ba0                Motor_Init
 .text.Motor_Run
                0x00001c4c      0x164 Driver/Motor/Motor.o
                0x00001c4c                Motor_Run
 .text.ComputePidOutput
                0x00001db0      0x1b2 Driver/PID/PID.o
                0x00001db0                ComputePidOutput
 .text.Scheduler_AddTask
                0x00001f62      0x11c Driver/Scheduler/Scheduler.o
                0x00001f62                Scheduler_AddTask
 .text.Scheduler_TaskEnable
                0x0000207e       0xc8 Driver/Scheduler/Scheduler.o
                0x0000207e                Scheduler_TaskEnable
 .text.Scheduler_Init
                0x00002146       0x74 Driver/Scheduler/Scheduler.o
                0x00002146                Scheduler_Init
 .text.Scheduler_Loop
                0x000021ba      0x172 Driver/Scheduler/Scheduler.o
                0x000021ba                Scheduler_Loop
 .text.Scheduler_GetExecutionTimeMillis
                0x0000232c       0x12 Driver/Scheduler/Scheduler.o
                0x0000232c                Scheduler_GetExecutionTimeMillis
 .text.EnableInt2
                0x0000233e        0x8 Driver/StartModule/StartModule.o
 .text.DisableInt2
                0x00002346        0x8 Driver/StartModule/StartModule.o
 .text.ClearInt2Flag
                0x0000234e        0x8 Driver/StartModule/StartModule.o
 .text.SetInt2AsRisingEdge
                0x00002356        0x8 Driver/StartModule/StartModule.o
 .text.EnableGlobalInt
                0x0000235e        0x4 Driver/StartModule/StartModule.o
 .text.CheckStartModuleState
                0x00002362       0x1a Driver/StartModule/StartModule.o
 .text.StartModule_Init
                0x0000237c       0x44 Driver/StartModule/StartModule.o
                0x0000237c                StartModule_Init
 .text.StartModule_InitIrq
                0x000023c0       0x16 Driver/StartModule/StartModule.o
                0x000023c0                StartModule_InitIrq
 .text.__vector_3
                0x000023d6       0x6e Driver/StartModule/StartModule.o
                0x000023d6                __vector_3
 .text.StartModule_HasWrongState
                0x00002444        0x6 Driver/StartModule/StartModule.o
                0x00002444                StartModule_HasWrongState
 .text.UsartSendByte
                0x0000244a        0x8 Driver/Terminal/Terminal.o
 .text.UsartSendString
                0x00002452       0x1a Driver/Terminal/Terminal.o
 .text.Terminal_SetLevel
                0x0000246c        0x6 Driver/Terminal/Terminal.o
                0x0000246c                Terminal_SetLevel
 .text.Terminal_Init
                0x00002472       0x10 Driver/Terminal/Terminal.o
                0x00002472                Terminal_Init
 .text.Terminal_Log
                0x00002482      0x118 Driver/Terminal/Terminal.o
                0x00002482                Terminal_Log
 .text.main     0x0000259a       0x58 main.o
                0x0000259a                main
 .text.Gpio_Init
                0x000025f2      0x188 Util/Gpio/Gpio.o
                0x000025f2                Gpio_Init
 .text.Gpio_WritePin
                0x0000277a       0xe0 Util/Gpio/Gpio.o
                0x0000277a                Gpio_WritePin
 .text.Gpio_TogglePin
                0x0000285a       0x6c Util/Gpio/Gpio.o
                0x0000285a                Gpio_TogglePin
 .text.Gpio_ReadPin
                0x000028c6       0xae Util/Gpio/Gpio.o
                0x000028c6                Gpio_ReadPin
 .text.__vector_7
                0x00002974       0x4a Util/Time/Time.o
                0x00002974                __vector_7
 .text.Time_Init
                0x000029be       0x18 Util/Time/Time.o
                0x000029be                Time_Init
 .text.Time_GetMillis
                0x000029d6       0x20 Util/Time/Time.o
                0x000029d6                Time_GetMillis
 .text.avr-libc.fplib
                0x000029f6        0xe c:/program files (x86)/atmel/studio/7.0/toolchain/avr8/avr8-gnu-toolchain/bin/../lib/gcc/avr/5.4.0/../../../../avr/lib/avr5\libm.a(addsf3.o)
                0x000029f6                __subsf3
                0x000029f8                __addsf3
 .text.avr-libc.fplib
                0x00002a04       0xcc c:/program files (x86)/atmel/studio/7.0/toolchain/avr8/avr8-gnu-toolchain/bin/../lib/gcc/avr/5.4.0/../../../../avr/lib/avr5\libm.a(addsf3x.o)
                0x00002a26                __addsf3x
 .text.avr-libc.fplib
                0x00002ad0        0xa c:/program files (x86)/atmel/studio/7.0/toolchain/avr8/avr8-gnu-toolchain/bin/../lib/gcc/avr/5.4.0/../../../../avr/lib/avr5\libm.a(cmpsf2.o)
                0x00002ad0                __nesf2
                0x00002ad0                __eqsf2
                0x00002ad0                __cmpsf2
                0x00002ad0                __ltsf2
                0x00002ad0                __lesf2
 .text.avr-libc.fplib
                0x00002ada        0x8 c:/program files (x86)/atmel/studio/7.0/toolchain/avr8/avr8-gnu-toolchain/bin/../lib/gcc/avr/5.4.0/../../../../avr/lib/avr5\libm.a(divsf3.o)
                0x00002ada                __divsf3
 .text.avr-libc.fplib
                0x00002ae2       0xdc c:/program files (x86)/atmel/studio/7.0/toolchain/avr8/avr8-gnu-toolchain/bin/../lib/gcc/avr/5.4.0/../../../../avr/lib/avr5\libm.a(divsf3x.o)
                0x00002b02                __divsf3x
                0x00002b08                __divsf3_pse
 .text.avr-libc.fplib
                0x00002bbe       0x5e c:/program files (x86)/atmel/studio/7.0/toolchain/avr8/avr8-gnu-toolchain/bin/../lib/gcc/avr/5.4.0/../../../../avr/lib/avr5\libm.a(fixunssfsi.o)
                0x00002bbe                __fixunssfsi
 .text.avr-libc.fplib
                0x00002c1c       0x7a c:/program files (x86)/atmel/studio/7.0/toolchain/avr8/avr8-gnu-toolchain/bin/../lib/gcc/avr/5.4.0/../../../../avr/lib/avr5\libm.a(floatsisf.o)
                0x00002c1c                __floatunsisf
                0x00002c20                __floatsisf
 .text.avr-libc.fplib
                0x00002c96       0x48 c:/program files (x86)/atmel/studio/7.0/toolchain/avr8/avr8-gnu-toolchain/bin/../lib/gcc/avr/5.4.0/../../../../avr/lib/avr5\libm.a(fp_cmp.o)
                0x00002c96                __fp_cmp
 .text.avr-libc.fplib
                0x00002cde        0xc c:/program files (x86)/atmel/studio/7.0/toolchain/avr8/avr8-gnu-toolchain/bin/../lib/gcc/avr/5.4.0/../../../../avr/lib/avr5\libm.a(fp_inf.o)
                0x00002cde                __fp_inf
 .text.avr-libc.fplib
                0x00002cea        0x6 c:/program files (x86)/atmel/studio/7.0/toolchain/avr8/avr8-gnu-toolchain/bin/../lib/gcc/avr/5.4.0/../../../../avr/lib/avr5\libm.a(fp_nan.o)
                0x00002cea                __fp_nan
 .text.avr-libc.fplib
                0x00002cf0        0xe c:/program files (x86)/atmel/studio/7.0/toolchain/avr8/avr8-gnu-toolchain/bin/../lib/gcc/avr/5.4.0/../../../../avr/lib/avr5\libm.a(fp_pscA.o)
                0x00002cf0                __fp_pscA
 .text.avr-libc.fplib
                0x00002cfe        0xe c:/program files (x86)/atmel/studio/7.0/toolchain/avr8/avr8-gnu-toolchain/bin/../lib/gcc/avr/5.4.0/../../../../avr/lib/avr5\libm.a(fp_pscB.o)
                0x00002cfe                __fp_pscB
 .text.avr-libc.fplib
                0x00002d0c       0x22 c:/program files (x86)/atmel/studio/7.0/toolchain/avr8/avr8-gnu-toolchain/bin/../lib/gcc/avr/5.4.0/../../../../avr/lib/avr5\libm.a(fp_round.o)
                0x00002d0c                __fp_round
 .text.avr-libc.fplib
                0x00002d2e       0x44 c:/program files (x86)/atmel/studio/7.0/toolchain/avr8/avr8-gnu-toolchain/bin/../lib/gcc/avr/5.4.0/../../../../avr/lib/avr5\libm.a(fp_split3.o)
                0x00002d2e                __fp_split3
                0x00002d3e                __fp_splitA
 .text.avr-libc.fplib
                0x00002d72        0xe c:/program files (x86)/atmel/studio/7.0/toolchain/avr8/avr8-gnu-toolchain/bin/../lib/gcc/avr/5.4.0/../../../../avr/lib/avr5\libm.a(fp_zero.o)
                0x00002d72                __fp_zero
                0x00002d74                __fp_szero
 .text.avr-libc.fplib
                0x00002d80        0xa c:/program files (x86)/atmel/studio/7.0/toolchain/avr8/avr8-gnu-toolchain/bin/../lib/gcc/avr/5.4.0/../../../../avr/lib/avr5\libm.a(gesf2.o)
                0x00002d80                __gesf2
                0x00002d80                __gtsf2
 .text.avr-libc.fplib
                0x00002d8a        0x8 c:/program files (x86)/atmel/studio/7.0/toolchain/avr8/avr8-gnu-toolchain/bin/../lib/gcc/avr/5.4.0/../../../../avr/lib/avr5\libm.a(mulsf3.o)
                0x00002d8a                __mulsf3
 .text.avr-libc.fplib
                0x00002d92       0xd2 c:/program files (x86)/atmel/studio/7.0/toolchain/avr8/avr8-gnu-toolchain/bin/../lib/gcc/avr/5.4.0/../../../../avr/lib/avr5\libm.a(mulsf3x.o)
                0x00002db0                __mulsf3x
                0x00002db6                __mulsf3_pse
 .text.avr-libc.fplib
                0x00002e64       0x48 c:/program files (x86)/atmel/studio/7.0/toolchain/avr8/avr8-gnu-toolchain/bin/../lib/gcc/avr/5.4.0/../../../../avr/lib/avr5\libm.a(round.o)
                0x00002e64                round
 .text.avr-libc.fplib
                0x00002eac       0x36 c:/program files (x86)/atmel/studio/7.0/toolchain/avr8/avr8-gnu-toolchain/bin/../lib/gcc/avr/5.4.0/../../../../avr/lib/avr5\libm.a(fp_mintl.o)
                0x00002eac                __fp_mintl
 .text.avr-libc.fplib
                0x00002ee2       0x1c c:/program files (x86)/atmel/studio/7.0/toolchain/avr8/avr8-gnu-toolchain/bin/../lib/gcc/avr/5.4.0/../../../../avr/lib/avr5\libm.a(fp_mpack.o)
                0x00002ee2                __fp_mpack
                0x00002ee6                __fp_mpack_finite
 .text.libgcc.mul
                0x00002efe       0x20 c:/program files (x86)/atmel/studio/7.0/toolchain/avr8/avr8-gnu-toolchain/bin/../lib/gcc/avr/5.4.0/avr5\libgcc.a(_mulsi3.o)
                0x00002efe                __mulsi3
 .text.libgcc.div
                0x00002f1e       0x2e c:/program files (x86)/atmel/studio/7.0/toolchain/avr8/avr8-gnu-toolchain/bin/../lib/gcc/avr/5.4.0/avr5\libgcc.a(_divmodsi4.o)
                0x00002f1e                __divmodsi4
 .text.libgcc.div
                0x00002f4c       0x10 c:/program files (x86)/atmel/studio/7.0/toolchain/avr8/avr8-gnu-toolchain/bin/../lib/gcc/avr/5.4.0/avr5\libgcc.a(_negsi2.o)
                0x00002f4c                __negsi2
 .text.libgcc   0x00002f5c        0xc c:/program files (x86)/atmel/studio/7.0/toolchain/avr8/avr8-gnu-toolchain/bin/../lib/gcc/avr/5.4.0/avr5\libgcc.a(_tablejump2.o)
                0x00002f5c                __tablejump2__
 .text.libgcc.mul
                0x00002f68       0x1e c:/program files (x86)/atmel/studio/7.0/toolchain/avr8/avr8-gnu-toolchain/bin/../lib/gcc/avr/5.4.0/avr5\libgcc.a(_umulhisi3.o)
                0x00002f68                __umulhisi3
 .text.libgcc.mul
                0x00002f86       0x16 c:/program files (x86)/atmel/studio/7.0/toolchain/avr8/avr8-gnu-toolchain/bin/../lib/gcc/avr/5.4.0/avr5\libgcc.a(_muluhisi3.o)
                0x00002f86                __muluhisi3
 .text.libgcc.div
                0x00002f9c       0x44 c:/program files (x86)/atmel/studio/7.0/toolchain/avr8/avr8-gnu-toolchain/bin/../lib/gcc/avr/5.4.0/avr5\libgcc.a(_udivmodsi4.o)
                0x00002f9c                __udivmodsi4
 .text.avr-libc
                0x00002fe0       0x12 c:/program files (x86)/atmel/studio/7.0/toolchain/avr8/avr8-gnu-toolchain/bin/../lib/gcc/avr/5.4.0/../../../../avr/lib/avr5\libc.a(strcmp.o)
                0x00002fe0                strcmp
 .text.avr-libc
                0x00002ff2       0x44 c:/program files (x86)/atmel/studio/7.0/toolchain/avr8/avr8-gnu-toolchain/bin/../lib/gcc/avr/5.4.0/../../../../avr/lib/avr5\libc.a(sprintf.o)
                0x00002ff2                sprintf
 .text.avr-libc
                0x00003036       0x58 c:/program files (x86)/atmel/studio/7.0/toolchain/avr8/avr8-gnu-toolchain/bin/../lib/gcc/avr/5.4.0/../../../../avr/lib/avr5\libc.a(vsnprintf.o)
                0x00003036                vsnprintf
 .text.avr-libc
                0x0000308e      0x3c2 c:/program files (x86)/atmel/studio/7.0/toolchain/avr8/avr8-gnu-toolchain/bin/../lib/gcc/avr/5.4.0/../../../../avr/lib/avr5\libc.a(vfprintf_std.o)
                0x0000308e                vfprintf
 .text.avr-libc
                0x00003450       0x16 c:/program files (x86)/atmel/studio/7.0/toolchain/avr8/avr8-gnu-toolchain/bin/../lib/gcc/avr/5.4.0/../../../../avr/lib/avr5\libc.a(strnlen_P.o)
                0x00003450                strnlen_P
 .text.avr-libc
                0x00003466       0x16 c:/program files (x86)/atmel/studio/7.0/toolchain/avr8/avr8-gnu-toolchain/bin/../lib/gcc/avr/5.4.0/../../../../avr/lib/avr5\libc.a(strnlen.o)
                0x00003466                strnlen
 .text.avr-libc
                0x0000347c       0x78 c:/program files (x86)/atmel/studio/7.0/toolchain/avr8/avr8-gnu-toolchain/bin/../lib/gcc/avr/5.4.0/../../../../avr/lib/avr5\libc.a(fputc.o)
                0x0000347c                fputc
 .text.avr-libc
                0x000034f4       0xbc c:/program files (x86)/atmel/studio/7.0/toolchain/avr8/avr8-gnu-toolchain/bin/../lib/gcc/avr/5.4.0/../../../../avr/lib/avr5\libc.a(ultoa_invert.o)
                0x000034f4                __ultoa_invert
 .text.libgcc.prologue
                0x000035b0       0x38 c:/program files (x86)/atmel/studio/7.0/toolchain/avr8/avr8-gnu-toolchain/bin/../lib/gcc/avr/5.4.0/avr5\libgcc.a(_prologue.o)
                0x000035b0                __prologue_saves__
 .text.libgcc.prologue
                0x000035e8       0x36 c:/program files (x86)/atmel/studio/7.0/toolchain/avr8/avr8-gnu-toolchain/bin/../lib/gcc/avr/5.4.0/avr5\libgcc.a(_epilogue.o)
                0x000035e8                __epilogue_restores__
                0x0000361e                . = ALIGN (0x2)
 *(.fini9)
 .fini9         0x0000361e        0x0 c:/program files (x86)/atmel/studio/7.0/toolchain/avr8/avr8-gnu-toolchain/bin/../lib/gcc/avr/5.4.0/avr5\libgcc.a(_exit.o)
                0x0000361e                _exit
                0x0000361e                exit
 *(.fini9)
 *(.fini8)
 *(.fini8)
 *(.fini7)
 *(.fini7)
 *(.fini6)
 *(.fini6)
 *(.fini5)
 *(.fini5)
 *(.fini4)
 *(.fini4)
 *(.fini3)
 *(.fini3)
 *(.fini2)
 *(.fini2)
 *(.fini1)
 *(.fini1)
 *(.fini0)
 .fini0         0x0000361e        0x4 c:/program files (x86)/atmel/studio/7.0/toolchain/avr8/avr8-gnu-toolchain/bin/../lib/gcc/avr/5.4.0/avr5\libgcc.a(_exit.o)
 *(.fini0)
                0x00003622                _etext = .

.data           0x00800060      0x390 load address 0x00003622
                0x00800060                PROVIDE (__data_start, .)
 *(.data)
 *(.data*)
 .data.sSensorsBack
                0x00800060        0x5 Driver/Distance/Distance.o
 .data.sSensorsFront
                0x00800065       0x19 Driver/Distance/Distance.o
 .data.sSensorsFront
                0x0080007e       0x14 Driver/Line/Line.o
 .data.sMotor   0x00800092       0x18 Driver/Motor/Motor.o
 .data.sMachineStateFightStop
                0x008000aa        0x1 Driver/StartModule/StartModule.o
 *(.gnu.linkonce.d*)
 *(.rodata)
 *(.rodata*)
 .rodata.str1.1
                0x008000ab       0x2d App/Back/Back.o
 .rodata.str1.1
                0x008000d8       0x28 App/Edge/Edge.o
                                 0x48 (size before relaxing)
 .rodata.sMachineStateString
                0x00800100        0x6 App/Edge/Edge.o
 .rodata.str1.1
                0x00800106       0x4c App/Fight/Fight.o
                                 0x71 (size before relaxing)
 .rodata.sMachineStateString
                0x00800152        0x8 App/Fight/Fight.o
 .rodata.str1.1
                0x0080015a       0xd9 App/Machine/Machine.o
                                 0xff (size before relaxing)
 .rodata.sMachineStateString
                0x00800233        0xe App/Machine/Machine.o
 .rodata.sMatrice
                0x00800241       0x15 App/Machine/Machine.o
 .rodata.str1.1
                0x00800256       0x57 App/Tactic/Tactic.o
                                 0x81 (size before relaxing)
 .rodata.sMachineStateString
                0x008002ad       0x10 App/Tactic/Tactic.o
 .rodata.str1.1
                0x008002bd       0x14 Driver/Battery/Battery.o
 .rodata.str1.1
                0x008002bd        0x7 Driver/Button/Button.o
                                 0x13 (size before relaxing)
 .rodata.str1.1
                0x008002c4        0x9 Driver/Distance/Distance.o
                                 0x15 (size before relaxing)
 .rodata.str1.1
                0x008002cd        0x4 Driver/Led/Led.o
                                 0x10 (size before relaxing)
 .rodata.str1.1
                0x008002d1       0x11 Driver/Line/Line.o
 .rodata.str1.1
                0x008002d1        0x6 Driver/Motor/Motor.o
                                 0x12 (size before relaxing)
 .rodata.str1.1
                0x008002d7       0x5a Driver/Scheduler/Scheduler.o
                                 0x66 (size before relaxing)
 .rodata.str1.1
                0x00800331        0xc Driver/StartModule/StartModule.o
                                 0x18 (size before relaxing)
 .rodata.str1.1
                0x0080033d       0x94 Driver/Terminal/Terminal.o
 .rodata.sTerminal_ColorLevelString
                0x008003d1        0xc Driver/Terminal/Terminal.o
 .rodata.str1.1
                0x008003dd       0x13 main.o
 *(.gnu.linkonce.r*)
                0x008003f0                . = ALIGN (0x2)
                0x008003f0                _edata = .
                0x008003f0                PROVIDE (__data_end, .)

.bss            0x008003f0      0x198
                0x008003f0                PROVIDE (__bss_start, .)
 *(.bss)
 *(.bss*)
 .bss.sLastMachineState
                0x008003f0        0x1 App/Back/Back.o
 .bss.sCurrentMachineState
                0x008003f1        0x1 App/Back/Back.o
 .bss.sFullRotationTimeMillis
                0x008003f2        0x4 App/Back/Back.o
 .bss.sLastMachineState
                0x008003f6        0x1 App/Edge/Edge.o
 .bss.sCurrentMachineState
                0x008003f7        0x1 App/Edge/Edge.o
 .bss.sRotationAngleAsTimeMillis
                0x008003f8        0x4 App/Edge/Edge.o
 .bss.sEstimateLineAngleTimestampMillis
                0x008003fc        0x4 App/Edge/Edge.o
 .bss.sDifferenceBetweenDetectionMillis
                0x00800400       0x10 App/Edge/Edge.o
 .bss.sLineDetectedLatch
                0x00800410        0x4 App/Edge/Edge.o
 .bss.sPid      0x00800414       0x40 App/Fight/Fight.o
 .bss.sLastMachineState
                0x00800454        0x1 App/Fight/Fight.o
 .bss.sCurrentMachineState
                0x00800455        0x1 App/Fight/Fight.o
 .bss.sDefaultFightSpeed
                0x00800456        0x4 App/Fight/Fight.o
 .bss.sLastCourse
                0x0080045a        0x4 App/Fight/Fight.o
 .bss.sCourse   0x0080045e        0x4 App/Fight/Fight.o
 .bss.sFrontTargettingTimeoutMillis
                0x00800462        0x4 App/Fight/Fight.o
 .bss.sLastCourseTimeoutMillis
                0x00800466        0x4 App/Fight/Fight.o
 .bss.sBackSensorActivityTimeMillis
                0x0080046a        0x4 App/Fight/Fight.o
 .bss.sActiveSensorsCnt
                0x0080046e        0x1 App/Fight/Fight.o
 .bss.sLastMachineState
                0x0080046f        0x1 App/Machine/Machine.o
 .bss.sCurrentMachineState
                0x00800470        0x1 App/Machine/Machine.o
 .bss.sAcceptMillis
                0x00800471        0x4 App/Machine/Machine.o
 .bss.sDebounceTimeMillis
                0x00800475        0x4 App/Machine/Machine.o
 .bss.sLedIdx   0x00800479        0x1 App/Machine/Machine.o
 .bss.sBattLow  0x0080047a        0x1 App/Machine/Machine.o
 .bss.sButtonState
                0x0080047b        0x1 App/Machine/Machine.o
 .bss.sLastButtonState
                0x0080047c        0x1 App/Machine/Machine.o
 .bss.sLastMachineState
                0x0080047d        0x1 App/Tactic/Tactic.o
 .bss.sCurrentMachineState
                0x0080047e        0x1 App/Tactic/Tactic.o
 .bss.sFightTacticTimestampMillis
                0x0080047f        0x4 App/Tactic/Tactic.o
 .bss.sIsTestMode
                0x00800483        0x1 App/Tactic/Tactic.o
 .bss.sVoltage  0x00800484        0xa Driver/Battery/Battery.o
 .bss.sAvgOut   0x0080048e        0x4 Driver/Battery/Battery.o
 .bss.sAvg      0x00800492        0x4 Driver/Battery/Battery.o
 .bss.sAdcToBattVoltageFactor
                0x00800496        0x4 Driver/Battery/Battery.o
 .bss.sAvgCnt   0x0080049a        0x1 Driver/Battery/Battery.o
 .bss.sSensorsOutput
                0x0080049b        0x6 Driver/Distance/Distance.o
 .bss.millis.2353
                0x008004a1        0x4 Driver/Led/Led.o
 .bss.millis.2349
                0x008004a5        0x4 Driver/Led/Led.o
 .bss.millis.2345
                0x008004a9        0x4 Driver/Led/Led.o
 .bss.timestampBlinkTimeMillis.2340
                0x008004ad        0x4 Driver/Led/Led.o
 .bss.blinksCnt.2338
                0x008004b1        0x1 Driver/Led/Led.o
 .bss.timestampFlashTimeMillis.2339
                0x008004b2        0x4 Driver/Led/Led.o
 .bss.flag.2337
                0x008004b6        0x1 Driver/Led/Led.o
 .bss.sSensorsOutput
                0x008004b7        0x4 Driver/Line/Line.o
 .bss.sSchedulerExecutionTimeMillis
                0x008004bb        0x4 Driver/Scheduler/Scheduler.o
 .bss.sSystemScheduler
                0x008004bf       0xc3 Driver/Scheduler/Scheduler.o
 .bss.sStartModuleWrongState
                0x00800582        0x1 Driver/StartModule/StartModule.o
 .bss.sLogLevel
                0x00800583        0x1 Driver/Terminal/Terminal.o
 .bss.sTimer1Millis
                0x00800584        0x4 Util/Time/Time.o
 *(COMMON)
                0x00800588                PROVIDE (__bss_end, .)
                0x00003622                __data_load_start = LOADADDR (.data)
                0x000039b2                __data_load_end = (__data_load_start + SIZEOF (.data))

.noinit         0x00800588        0x0
                [!provide]                PROVIDE (__noinit_start, .)
 *(.noinit*)
                [!provide]                PROVIDE (__noinit_end, .)
                0x00800588                _end = .
                [!provide]                PROVIDE (__heap_start, .)

.eeprom         0x00810000        0x0
 *(.eeprom*)
                0x00810000                __eeprom_end = .

.fuse
 *(.fuse)
 *(.lfuse)
 *(.hfuse)
 *(.efuse)

.lock
 *(.lock*)

.signature
 *(.signature*)

.user_signatures
 *(.user_signatures*)

.stab
 *(.stab)

.stabstr
 *(.stabstr)

.stab.excl
 *(.stab.excl)

.stab.exclstr
 *(.stab.exclstr)

.stab.index
 *(.stab.index)

.stab.indexstr
 *(.stab.indexstr)

.comment        0x00000000       0x5c
 *(.comment)
 .comment       0x00000000       0x30 App/Back/Back.o
                                 0x31 (size before relaxing)
 .comment       0x00000030       0x31 App/Edge/Edge.o
 .comment       0x00000030       0x31 App/Fight/Fight.o
 .comment       0x00000030       0x31 App/Machine/Machine.o
 .comment       0x00000030       0x31 App/Tactic/Tactic.o
 .comment       0x00000030       0x31 Driver/Battery/Battery.o
 .comment       0x00000030       0x31 Driver/Button/Button.o
 .comment       0x00000030       0x31 Driver/Distance/Distance.o
 .comment       0x00000030       0x31 Driver/Led/Led.o
 .comment       0x00000030       0x31 Driver/Line/Line.o
 .comment       0x00000030       0x31 Driver/Motor/Motor.o
 .comment       0x00000030       0x31 Driver/PID/PID.o
 .comment       0x00000030       0x31 Driver/Scheduler/Scheduler.o
 .comment       0x00000030       0x31 Driver/StartModule/StartModule.o
 .comment       0x00000030       0x31 Driver/Terminal/Terminal.o
 .comment       0x00000030       0x31 main.o
 .comment       0x00000030       0x31 Util/Gpio/Gpio.o
 .comment       0x00000030       0x31 Util/Time/Time.o
 .comment       0x00000030       0x31 c:/program files (x86)/atmel/studio/7.0/toolchain/avr8/avr8-gnu-toolchain/bin/../lib/gcc/avr/5.4.0/../../../../avr/lib/avr5\libc.a(sprintf.o)
 .comment       0x00000030       0x31 c:/program files (x86)/atmel/studio/7.0/toolchain/avr8/avr8-gnu-toolchain/bin/../lib/gcc/avr/5.4.0/../../../../avr/lib/avr5\libc.a(vsnprintf.o)
 .comment       0x00000030       0x2c c:/program files (x86)/atmel/studio/7.0/toolchain/avr8/avr8-gnu-toolchain/bin/../lib/gcc/avr/5.4.0/../../../../avr/lib/avr5\libc.a(vfprintf_std.o)
                                 0x2d (size before relaxing)
 .comment       0x0000005c       0x31 c:/program files (x86)/atmel/studio/7.0/toolchain/avr8/avr8-gnu-toolchain/bin/../lib/gcc/avr/5.4.0/../../../../avr/lib/avr5\libc.a(fputc.o)

.note.gnu.avr.deviceinfo
                0x00000000       0x3c
 .note.gnu.avr.deviceinfo
                0x00000000       0x3c C:/Program Files (x86)/Atmel/Studio/7.0/Packs/atmel/ATmega_DFP/1.7.374/gcc/dev/atmega32/avr5/crtatmega32.o

.note.gnu.build-id
 *(.note.gnu.build-id)

.debug
 *(.debug)

.line
 *(.line)

.debug_srcinfo
 *(.debug_srcinfo)

.debug_sfnames
 *(.debug_sfnames)

.debug_aranges  0x00000000      0x3f0
 *(.debug_aranges)
 .debug_aranges
                0x00000000       0x28 App/Back/Back.o
 .debug_aranges
                0x00000028       0x28 App/Edge/Edge.o
 .debug_aranges
                0x00000050       0x38 App/Fight/Fight.o
 .debug_aranges
                0x00000088       0x40 App/Machine/Machine.o
 .debug_aranges
                0x000000c8       0x40 App/Tactic/Tactic.o
 .debug_aranges
                0x00000108       0x38 Driver/Battery/Battery.o
 .debug_aranges
                0x00000140       0x30 Driver/Button/Button.o
 .debug_aranges
                0x00000170       0x38 Driver/Distance/Distance.o
 .debug_aranges
                0x000001a8       0x48 Driver/Led/Led.o
 .debug_aranges
                0x000001f0       0x30 Driver/Line/Line.o
 .debug_aranges
                0x00000220       0x28 Driver/Motor/Motor.o
 .debug_aranges
                0x00000248       0x20 Driver/PID/PID.o
 .debug_aranges
                0x00000268       0x50 Driver/Scheduler/Scheduler.o
 .debug_aranges
                0x000002b8       0x68 Driver/StartModule/StartModule.o
 .debug_aranges
                0x00000320       0x48 Driver/Terminal/Terminal.o
 .debug_aranges
                0x00000368       0x20 main.o
 .debug_aranges
                0x00000388       0x38 Util/Gpio/Gpio.o
 .debug_aranges
                0x000003c0       0x30 Util/Time/Time.o

.debug_pubnames
 *(.debug_pubnames)

.debug_info     0x00000000     0x525e
 *(.debug_info .gnu.linkonce.wi.*)
 .debug_info    0x00000000      0x4e6 C:/Program Files (x86)/Atmel/Studio/7.0/Packs/atmel/ATmega_DFP/1.7.374/gcc/dev/atmega32/avr5/crtatmega32.o
 .debug_info    0x000004e6      0x2ff App/Back/Back.o
 .debug_info    0x000007e5      0x521 App/Edge/Edge.o
 .debug_info    0x00000d06      0x6bd App/Fight/Fight.o
 .debug_info    0x000013c3      0xd2c App/Machine/Machine.o
 .debug_info    0x000020ef      0x80d App/Tactic/Tactic.o
 .debug_info    0x000028fc      0x2f8 Driver/Battery/Battery.o
 .debug_info    0x00002bf4      0x26c Driver/Button/Button.o
 .debug_info    0x00002e60      0x3f8 Driver/Distance/Distance.o
 .debug_info    0x00003258      0x4f6 Driver/Led/Led.o
 .debug_info    0x0000374e      0x359 Driver/Line/Line.o
 .debug_info    0x00003aa7      0x34d Driver/Motor/Motor.o
 .debug_info    0x00003df4      0x1ba Driver/PID/PID.o
 .debug_info    0x00003fae      0x4ea Driver/Scheduler/Scheduler.o
 .debug_info    0x00004498      0x439 Driver/StartModule/StartModule.o
 .debug_info    0x000048d1      0x3ca Driver/Terminal/Terminal.o
 .debug_info    0x00004c9b      0x209 main.o
 .debug_info    0x00004ea4      0x226 Util/Gpio/Gpio.o
 .debug_info    0x000050ca      0x194 Util/Time/Time.o

.debug_abbrev   0x00000000     0x1ae9
 *(.debug_abbrev)
 .debug_abbrev  0x00000000      0x4a3 C:/Program Files (x86)/Atmel/Studio/7.0/Packs/atmel/ATmega_DFP/1.7.374/gcc/dev/atmega32/avr5/crtatmega32.o
 .debug_abbrev  0x000004a3       0xf9 App/Back/Back.o
 .debug_abbrev  0x0000059c      0x120 App/Edge/Edge.o
 .debug_abbrev  0x000006bc      0x16e App/Fight/Fight.o
 .debug_abbrev  0x0000082a      0x19d App/Machine/Machine.o
 .debug_abbrev  0x000009c7      0x161 App/Tactic/Tactic.o
 .debug_abbrev  0x00000b28      0x155 Driver/Battery/Battery.o
 .debug_abbrev  0x00000c7d       0xe4 Driver/Button/Button.o
 .debug_abbrev  0x00000d61      0x188 Driver/Distance/Distance.o
 .debug_abbrev  0x00000ee9       0xf3 Driver/Led/Led.o
 .debug_abbrev  0x00000fdc      0x15d Driver/Line/Line.o
 .debug_abbrev  0x00001139      0x181 Driver/Motor/Motor.o
 .debug_abbrev  0x000012ba       0xa7 Driver/PID/PID.o
 .debug_abbrev  0x00001361      0x1ce Driver/Scheduler/Scheduler.o
 .debug_abbrev  0x0000152f      0x185 Driver/StartModule/StartModule.o
 .debug_abbrev  0x000016b4      0x1b3 Driver/Terminal/Terminal.o
 .debug_abbrev  0x00001867       0x80 main.o
 .debug_abbrev  0x000018e7       0xdf Util/Gpio/Gpio.o
 .debug_abbrev  0x000019c6      0x123 Util/Time/Time.o

.debug_line     0x00000000     0x342f
 *(.debug_line .debug_line.* .debug_line_end)
 .debug_line    0x00000000      0x116 C:/Program Files (x86)/Atmel/Studio/7.0/Packs/atmel/ATmega_DFP/1.7.374/gcc/dev/atmega32/avr5/crtatmega32.o
 .debug_line    0x00000116      0x22a App/Back/Back.o
 .debug_line    0x00000340      0x310 App/Edge/Edge.o
 .debug_line    0x00000650      0x46a App/Fight/Fight.o
 .debug_line    0x00000aba      0x7c6 App/Machine/Machine.o
 .debug_line    0x00001280      0x3fd App/Tactic/Tactic.o
 .debug_line    0x0000167d      0x235 Driver/Battery/Battery.o
 .debug_line    0x000018b2      0x137 Driver/Button/Button.o
 .debug_line    0x000019e9      0x265 Driver/Distance/Distance.o
 .debug_line    0x00001c4e      0x28c Driver/Led/Led.o
 .debug_line    0x00001eda      0x1fc Driver/Line/Line.o
 .debug_line    0x000020d6      0x213 Driver/Motor/Motor.o
 .debug_line    0x000022e9      0x11c Driver/PID/PID.o
 .debug_line    0x00002405      0x36c Driver/Scheduler/Scheduler.o
 .debug_line    0x00002771      0x36f Driver/StartModule/StartModule.o
 .debug_line    0x00002ae0      0x24f Driver/Terminal/Terminal.o
 .debug_line    0x00002d2f      0x2e2 main.o
 .debug_line    0x00003011      0x284 Util/Gpio/Gpio.o
 .debug_line    0x00003295      0x19a Util/Time/Time.o

.debug_frame    0x00000000      0xb64
 *(.debug_frame)
 .debug_frame   0x00000000       0x60 App/Back/Back.o
 .debug_frame   0x00000060       0x60 App/Edge/Edge.o
 .debug_frame   0x000000c0       0xc4 App/Fight/Fight.o
 .debug_frame   0x00000184       0xf0 App/Machine/Machine.o
 .debug_frame   0x00000274       0xa0 App/Tactic/Tactic.o
 .debug_frame   0x00000314       0xbc Driver/Battery/Battery.o
 .debug_frame   0x000003d0       0x58 Driver/Button/Button.o
 .debug_frame   0x00000428       0x94 Driver/Distance/Distance.o
 .debug_frame   0x000004bc       0xe0 Driver/Led/Led.o
 .debug_frame   0x0000059c       0x60 Driver/Line/Line.o
 .debug_frame   0x000005fc       0x74 Driver/Motor/Motor.o
 .debug_frame   0x00000670       0x7c Driver/PID/PID.o
 .debug_frame   0x000006ec      0x1cc Driver/Scheduler/Scheduler.o
 .debug_frame   0x000008b8      0x110 Driver/StartModule/StartModule.o
 .debug_frame   0x000009c8       0xac Driver/Terminal/Terminal.o
 .debug_frame   0x00000a74       0x38 main.o
 .debug_frame   0x00000aac       0x54 Util/Gpio/Gpio.o
 .debug_frame   0x00000b00       0x64 Util/Time/Time.o

.debug_str      0x00000000     0x184f
 *(.debug_str)
 .debug_str     0x00000000      0x196 C:/Program Files (x86)/Atmel/Studio/7.0/Packs/atmel/ATmega_DFP/1.7.374/gcc/dev/atmega32/avr5/crtatmega32.o
 .debug_str     0x00000196      0x3ce App/Back/Back.o
                                0x407 (size before relaxing)
 .debug_str     0x00000564      0x159 App/Edge/Edge.o
                                0x4fb (size before relaxing)
 .debug_str     0x000006bd      0x23e App/Fight/Fight.o
                                0x6c6 (size before relaxing)
 .debug_str     0x000008fb      0x44b App/Machine/Machine.o
                                0x7ea (size before relaxing)
 .debug_str     0x00000d46      0x1a1 App/Tactic/Tactic.o
                                0x5a6 (size before relaxing)
 .debug_str     0x00000ee7       0xd0 Driver/Battery/Battery.o
                                0x354 (size before relaxing)
 .debug_str     0x00000fb7       0x86 Driver/Button/Button.o
                                0x2e2 (size before relaxing)
 .debug_str     0x0000103d       0xa1 Driver/Distance/Distance.o
                                0x45d (size before relaxing)
 .debug_str     0x000010de       0xd8 Driver/Led/Led.o
                                0x3e7 (size before relaxing)
 .debug_str     0x000011b6       0x2e Driver/Line/Line.o
                                0x3ce (size before relaxing)
 .debug_str     0x000011e4       0xbd Driver/Motor/Motor.o
                                0x37b (size before relaxing)
 .debug_str     0x000012a1       0x6a Driver/PID/PID.o
                                0x254 (size before relaxing)
 .debug_str     0x0000130b      0x265 Driver/Scheduler/Scheduler.o
                                0x4c6 (size before relaxing)
 .debug_str     0x00001570      0x10f Driver/StartModule/StartModule.o
                                0x5ae (size before relaxing)
 .debug_str     0x0000167f      0x12d Driver/Terminal/Terminal.o
                                0x309 (size before relaxing)
 .debug_str     0x000017ac       0x1b main.o
                                0x259 (size before relaxing)
 .debug_str     0x000017c7       0x20 Util/Gpio/Gpio.o
                                0x2b1 (size before relaxing)
 .debug_str     0x000017e7       0x68 Util/Time/Time.o
                                0x1e4 (size before relaxing)

.debug_loc      0x00000000     0x22c4
 *(.debug_loc)
 .debug_loc     0x00000000       0xe7 App/Back/Back.o
 .debug_loc     0x000000e7      0x128 App/Edge/Edge.o
 .debug_loc     0x0000020f      0x1db App/Fight/Fight.o
 .debug_loc     0x000003ea      0x3f8 App/Machine/Machine.o
 .debug_loc     0x000007e2      0x244 App/Tactic/Tactic.o
 .debug_loc     0x00000a26      0x1dc Driver/Battery/Battery.o
 .debug_loc     0x00000c02       0x85 Driver/Button/Button.o
 .debug_loc     0x00000c87      0x165 Driver/Distance/Distance.o
 .debug_loc     0x00000dec      0x366 Driver/Led/Led.o
 .debug_loc     0x00001152       0xbb Driver/Line/Line.o
 .debug_loc     0x0000120d      0x1ee Driver/Motor/Motor.o
 .debug_loc     0x000013fb      0x1ab Driver/PID/PID.o
 .debug_loc     0x000015a6      0x59b Driver/Scheduler/Scheduler.o
 .debug_loc     0x00001b41      0x176 Driver/StartModule/StartModule.o
 .debug_loc     0x00001cb7      0x173 Driver/Terminal/Terminal.o
 .debug_loc     0x00001e2a       0x63 main.o
 .debug_loc     0x00001e8d      0x37e Util/Gpio/Gpio.o
 .debug_loc     0x0000220b       0xb9 Util/Time/Time.o

.debug_macinfo
 *(.debug_macinfo)

.debug_weaknames
 *(.debug_weaknames)

.debug_funcnames
 *(.debug_funcnames)

.debug_typenames
 *(.debug_typenames)

.debug_varnames
 *(.debug_varnames)

.debug_pubtypes
 *(.debug_pubtypes)

.debug_ranges   0x00000000      0x2e8
 *(.debug_ranges)
 .debug_ranges  0x00000000       0x18 App/Back/Back.o
 .debug_ranges  0x00000018       0x18 App/Edge/Edge.o
 .debug_ranges  0x00000030       0x28 App/Fight/Fight.o
 .debug_ranges  0x00000058       0x30 App/Machine/Machine.o
 .debug_ranges  0x00000088       0x30 App/Tactic/Tactic.o
 .debug_ranges  0x000000b8       0x28 Driver/Battery/Battery.o
 .debug_ranges  0x000000e0       0x20 Driver/Button/Button.o
 .debug_ranges  0x00000100       0x28 Driver/Distance/Distance.o
 .debug_ranges  0x00000128       0x38 Driver/Led/Led.o
 .debug_ranges  0x00000160       0x20 Driver/Line/Line.o
 .debug_ranges  0x00000180       0x30 Driver/Motor/Motor.o
 .debug_ranges  0x000001b0       0x10 Driver/PID/PID.o
 .debug_ranges  0x000001c0       0x40 Driver/Scheduler/Scheduler.o
 .debug_ranges  0x00000200       0x58 Driver/StartModule/StartModule.o
 .debug_ranges  0x00000258       0x38 Driver/Terminal/Terminal.o
 .debug_ranges  0x00000290       0x10 main.o
 .debug_ranges  0x000002a0       0x28 Util/Gpio/Gpio.o
 .debug_ranges  0x000002c8       0x20 Util/Time/Time.o

.debug_macro
 *(.debug_macro)
OUTPUT(minisumo-rush.elf elf32-avr)
LOAD linker stubs
